
 /----------------------------------------------------------------------------\
 |                                                                            |
 |  yosys -- Yosys Open SYnthesis Suite                                       |
 |                                                                            |
 |  Copyright (C) 2012 - 2020  Claire Xenia Wolf <claire@yosyshq.com>         |
 |                                                                            |
 |  Permission to use, copy, modify, and/or distribute this software for any  |
 |  purpose with or without fee is hereby granted, provided that the above    |
 |  copyright notice and this permission notice appear in all copies.         |
 |                                                                            |
 |  THE SOFTWARE IS PROVIDED "AS IS" AND THE AUTHOR DISCLAIMS ALL WARRANTIES  |
 |  WITH REGARD TO THIS SOFTWARE INCLUDING ALL IMPLIED WARRANTIES OF          |
 |  MERCHANTABILITY AND FITNESS. IN NO EVENT SHALL THE AUTHOR BE LIABLE FOR   |
 |  ANY SPECIAL, DIRECT, INDIRECT, OR CONSEQUENTIAL DAMAGES OR ANY DAMAGES    |
 |  WHATSOEVER RESULTING FROM LOSS OF USE, DATA OR PROFITS, WHETHER IN AN     |
 |  ACTION OF CONTRACT, NEGLIGENCE OR OTHER TORTIOUS ACTION, ARISING OUT OF   |
 |  OR IN CONNECTION WITH THE USE OR PERFORMANCE OF THIS SOFTWARE.            |
 |                                                                            |
 \----------------------------------------------------------------------------/

 Yosys 0.33 (git sha1 2584903a0, gcc 8.4.0-1ubuntu1~18.04 -fPIC -Os)

1. Executing Verilog-2005 frontend: gadget_library/BIN/bin_REG.v
Parsing Verilog input from `gadget_library/BIN/bin_REG.v' to AST representation.
Generating RTLIL representation for module `\bin_REG'.
Successfully finished Verilog frontend.

2. Executing Verilog-2005 frontend: gadget_library/MSK/G16_mul.v
Parsing Verilog input from `gadget_library/MSK/G16_mul.v' to AST representation.
Generating RTLIL representation for module `\G4_scl_N'.
Generating RTLIL representation for module `\G16_mul'.
Successfully finished Verilog frontend.

3. Executing Verilog-2005 frontend: gadget_library/MSK/G4_mul.v
Parsing Verilog input from `gadget_library/MSK/G4_mul.v' to AST representation.
Generating RTLIL representation for module `\G4_mul'.
Successfully finished Verilog frontend.

4. Executing Verilog-2005 frontend: gadget_library/MSK/MSKand_dom.v
Parsing Verilog input from `gadget_library/MSK/MSKand_dom.v' to AST representation.
Generating RTLIL representation for module `\MSKand_dom'.
Successfully finished Verilog frontend.

5. Executing Verilog-2005 frontend: gadget_library/MSK/MSKand_ghpc.v
Parsing Verilog input from `gadget_library/MSK/MSKand_ghpc.v' to AST representation.
Generating RTLIL representation for module `\MSKand_ghpc'.
Successfully finished Verilog frontend.

6. Executing Verilog-2005 frontend: gadget_library/MSK/MSKand_ghpcll.v
Parsing Verilog input from `gadget_library/MSK/MSKand_ghpcll.v' to AST representation.
Generating RTLIL representation for module `\MSKand_ghpcll'.
Successfully finished Verilog frontend.

7. Executing Verilog-2005 frontend: gadget_library/MSK/MSKand_hpc1.v
Parsing Verilog input from `gadget_library/MSK/MSKand_hpc1.v' to AST representation.
Generating RTLIL representation for module `\MSKand_hpc1'.
Successfully finished Verilog frontend.

8. Executing Verilog-2005 frontend: gadget_library/MSK/MSKand_hpc2.v
Parsing Verilog input from `gadget_library/MSK/MSKand_hpc2.v' to AST representation.
Generating RTLIL representation for module `\MSKand_hpc2'.
Successfully finished Verilog frontend.

9. Executing Verilog-2005 frontend: gadget_library/MSK/MSKand_hpc2_cross.v
Parsing Verilog input from `gadget_library/MSK/MSKand_hpc2_cross.v' to AST representation.
Generating RTLIL representation for module `\MSKand_hpc2_cross'.
Successfully finished Verilog frontend.

10. Executing Verilog-2005 frontend: gadget_library/MSK/MSKand_hpc2_cross_swapped.v
Parsing Verilog input from `gadget_library/MSK/MSKand_hpc2_cross_swapped.v' to AST representation.
Generating RTLIL representation for module `\MSKand_hpc2_cross_swapped'.
Successfully finished Verilog frontend.

11. Executing Verilog-2005 frontend: gadget_library/MSK/MSKand_hpc2_swapped.v
Parsing Verilog input from `gadget_library/MSK/MSKand_hpc2_swapped.v' to AST representation.
Generating RTLIL representation for module `\MSKand_hpc2_swapped'.
Successfully finished Verilog frontend.

12. Executing Verilog-2005 frontend: gadget_library/MSK/MSKand_hpc2o.v
Parsing Verilog input from `gadget_library/MSK/MSKand_hpc2o.v' to AST representation.
Generating RTLIL representation for module `\MSKand_hpc2o'.
Successfully finished Verilog frontend.

13. Executing Verilog-2005 frontend: gadget_library/MSK/MSKand_hpc2o_cross.v
Parsing Verilog input from `gadget_library/MSK/MSKand_hpc2o_cross.v' to AST representation.
Generating RTLIL representation for module `\MSKand_hpc2o_cross'.
Successfully finished Verilog frontend.

14. Executing Verilog-2005 frontend: gadget_library/MSK/MSKand_hpc2o_cross_swapped.v
Parsing Verilog input from `gadget_library/MSK/MSKand_hpc2o_cross_swapped.v' to AST representation.
Generating RTLIL representation for module `\MSKand_hpc2o_cross_swapped'.
Successfully finished Verilog frontend.

15. Executing Verilog-2005 frontend: gadget_library/MSK/MSKand_hpc2o_swapped.v
Parsing Verilog input from `gadget_library/MSK/MSKand_hpc2o_swapped.v' to AST representation.
Generating RTLIL representation for module `\MSKand_hpc2o_swapped'.
Successfully finished Verilog frontend.

16. Executing Verilog-2005 frontend: gadget_library/MSK/MSKand_hpc2o_swapped_tof.v
Parsing Verilog input from `gadget_library/MSK/MSKand_hpc2o_swapped_tof.v' to AST representation.
Generating RTLIL representation for module `\MSKand_hpc2o_swapped_tof'.
Successfully finished Verilog frontend.

17. Executing Verilog-2005 frontend: gadget_library/MSK/MSKand_hpc2o_tof.v
Parsing Verilog input from `gadget_library/MSK/MSKand_hpc2o_tof.v' to AST representation.
Generating RTLIL representation for module `\MSKand_hpc2o_tof'.
Successfully finished Verilog frontend.

18. Executing Verilog-2005 frontend: gadget_library/MSK/MSKand_hpc3.v
Parsing Verilog input from `gadget_library/MSK/MSKand_hpc3.v' to AST representation.
Generating RTLIL representation for module `\MSKand_hpc3'.
Successfully finished Verilog frontend.

19. Executing Verilog-2005 frontend: gadget_library/MSK/MSKand_hpc3_cross.v
Parsing Verilog input from `gadget_library/MSK/MSKand_hpc3_cross.v' to AST representation.
Generating RTLIL representation for module `\MSKand_hpc3_cross'.
Successfully finished Verilog frontend.

20. Executing Verilog-2005 frontend: gadget_library/MSK/MSKand_hpc3_cross_er.v
Parsing Verilog input from `gadget_library/MSK/MSKand_hpc3_cross_er.v' to AST representation.
Generating RTLIL representation for module `\MSKand_hpc3_cross_er'.
Successfully finished Verilog frontend.

21. Executing Verilog-2005 frontend: gadget_library/MSK/MSKand_hpc3_cross_er_swapped.v
Parsing Verilog input from `gadget_library/MSK/MSKand_hpc3_cross_er_swapped.v' to AST representation.
Generating RTLIL representation for module `\MSKand_hpc3_cross_er_swapped'.
Successfully finished Verilog frontend.

22. Executing Verilog-2005 frontend: gadget_library/MSK/MSKand_hpc3o.v
Parsing Verilog input from `gadget_library/MSK/MSKand_hpc3o.v' to AST representation.
Generating RTLIL representation for module `\MSKand_hpc3o'.
Successfully finished Verilog frontend.

23. Executing Verilog-2005 frontend: gadget_library/MSK/MSKand_hpc3o_swapped.v
Parsing Verilog input from `gadget_library/MSK/MSKand_hpc3o_swapped.v' to AST representation.
Generating RTLIL representation for module `\MSKand_hpc3o_swapped'.
Successfully finished Verilog frontend.

24. Executing Verilog-2005 frontend: gadget_library/MSK/MSKand_hpc3o_swapped_tof.v
Parsing Verilog input from `gadget_library/MSK/MSKand_hpc3o_swapped_tof.v' to AST representation.
Generating RTLIL representation for module `\MSKand_hpc3o_swapped_tof'.
Successfully finished Verilog frontend.

25. Executing Verilog-2005 frontend: gadget_library/MSK/MSKand_hpc3o_tof.v
Parsing Verilog input from `gadget_library/MSK/MSKand_hpc3o_tof.v' to AST representation.
Generating RTLIL representation for module `\MSKand_hpc3o_tof'.
Successfully finished Verilog frontend.

26. Executing Verilog-2005 frontend: gadget_library/MSK/MSKand_sharewise.v
Parsing Verilog input from `gadget_library/MSK/MSKand_sharewise.v' to AST representation.
Generating RTLIL representation for module `\MSKand_sharewise'.
Successfully finished Verilog frontend.

27. Executing Verilog-2005 frontend: gadget_library/MSK/MSKcst.v
Parsing Verilog input from `gadget_library/MSK/MSKcst.v' to AST representation.
Generating RTLIL representation for module `\MSKcst'.
Successfully finished Verilog frontend.

28. Executing Verilog-2005 frontend: gadget_library/MSK/MSKg16mul_dom.v
Parsing Verilog input from `gadget_library/MSK/MSKg16mul_dom.v' to AST representation.
Generating RTLIL representation for module `\MSKg16mul_dom'.
Successfully finished Verilog frontend.

29. Executing Verilog-2005 frontend: gadget_library/MSK/MSKg16mul_hpc1.v
Parsing Verilog input from `gadget_library/MSK/MSKg16mul_hpc1.v' to AST representation.
Generating RTLIL representation for module `\MSKg16mul_hpc1'.
Successfully finished Verilog frontend.

30. Executing Verilog-2005 frontend: gadget_library/MSK/MSKg16mul_hpc3.v
Parsing Verilog input from `gadget_library/MSK/MSKg16mul_hpc3.v' to AST representation.
Generating RTLIL representation for module `\MSKg16mul_hpc3'.
Successfully finished Verilog frontend.

31. Executing Verilog-2005 frontend: gadget_library/MSK/MSKg4mul_dom.v
Parsing Verilog input from `gadget_library/MSK/MSKg4mul_dom.v' to AST representation.
Generating RTLIL representation for module `\MSKg4mul_dom'.
Successfully finished Verilog frontend.

32. Executing Verilog-2005 frontend: gadget_library/MSK/MSKg4mul_hpc1.v
Parsing Verilog input from `gadget_library/MSK/MSKg4mul_hpc1.v' to AST representation.
Generating RTLIL representation for module `\MSKg4mul_hpc1'.
Successfully finished Verilog frontend.

33. Executing Verilog-2005 frontend: gadget_library/MSK/MSKg4mul_hpc3.v
Parsing Verilog input from `gadget_library/MSK/MSKg4mul_hpc3.v' to AST representation.
Generating RTLIL representation for module `\MSKg4mul_hpc3'.
Successfully finished Verilog frontend.

34. Executing Verilog-2005 frontend: gadget_library/MSK/MSKinv.v
Parsing Verilog input from `gadget_library/MSK/MSKinv.v' to AST representation.
Generating RTLIL representation for module `\MSKinv'.
Successfully finished Verilog frontend.

35. Executing Verilog-2005 frontend: gadget_library/MSK/MSKmux.v
Parsing Verilog input from `gadget_library/MSK/MSKmux.v' to AST representation.
Generating RTLIL representation for module `\MSKmux'.
Successfully finished Verilog frontend.

36. Executing Verilog-2005 frontend: gadget_library/MSK/MSKnor_hpc2.v
Parsing Verilog input from `gadget_library/MSK/MSKnor_hpc2.v' to AST representation.
Generating RTLIL representation for module `\MSKnor_hpc2'.
Successfully finished Verilog frontend.

37. Executing Verilog-2005 frontend: gadget_library/MSK/MSKref_sni.v
Parsing Verilog input from `gadget_library/MSK/MSKref_sni.v' to AST representation.
Generating RTLIL representation for module `\MSKref_sni'.
Successfully finished Verilog frontend.

38. Executing Verilog-2005 frontend: gadget_library/MSK/MSKreg.v
Parsing Verilog input from `gadget_library/MSK/MSKreg.v' to AST representation.
Generating RTLIL representation for module `\MSKreg'.
Successfully finished Verilog frontend.

39. Executing Verilog-2005 frontend: gadget_library/MSK/MSKregEn.v
Parsing Verilog input from `gadget_library/MSK/MSKregEn.v' to AST representation.
Generating RTLIL representation for module `\MSKregEn'.
Successfully finished Verilog frontend.

40. Executing Verilog-2005 frontend: gadget_library/MSK/MSKscanReg.v
Parsing Verilog input from `gadget_library/MSK/MSKscanReg.v' to AST representation.
Generating RTLIL representation for module `\MSKscanReg'.
Successfully finished Verilog frontend.

41. Executing Verilog-2005 frontend: gadget_library/MSK/MSKxnor.v
Parsing Verilog input from `gadget_library/MSK/MSKxnor.v' to AST representation.
Generating RTLIL representation for module `\MSKxnor'.
Successfully finished Verilog frontend.

42. Executing Verilog-2005 frontend: gadget_library/MSK/MSKxor.v
Parsing Verilog input from `gadget_library/MSK/MSKxor.v' to AST representation.
Generating RTLIL representation for module `\MSKxor'.
Successfully finished Verilog frontend.

43. Executing Verilog-2005 frontend: gadget_library/RNG/trivium/prng_top.v
Parsing Verilog input from `gadget_library/RNG/trivium/prng_top.v' to AST representation.
Generating RTLIL representation for module `\prng_top'.
Successfully finished Verilog frontend.

44. Executing Verilog-2005 frontend: gadget_library/RNG/trivium/trivium_prng.v
Parsing Verilog input from `gadget_library/RNG/trivium/trivium_prng.v' to AST representation.
Generating RTLIL representation for module `\trivium_prng'.
Successfully finished Verilog frontend.

45. Executing HIERARCHY pass (managing design hierarchy).

45.1. Analyzing design hierarchy..
Top module:  \prng_top
Used module:     \trivium_prng
Parameter \RND = 512

45.2. Executing AST frontend in derive mode using pre-parsed AST for module `\trivium_prng'.
Parameter \RND = 512
Generating RTLIL representation for module `$paramod\trivium_prng\RND=s32'00000000000000000000001000000000'.

45.3. Analyzing design hierarchy..
Top module:  \prng_top
Used module:     $paramod\trivium_prng\RND=s32'00000000000000000000001000000000

45.4. Analyzing design hierarchy..
Top module:  \prng_top
Used module:     $paramod\trivium_prng\RND=s32'00000000000000000000001000000000
Removing unused module `\trivium_prng'.
Removing unused module `\MSKxor'.
Removing unused module `\MSKxnor'.
Removing unused module `\MSKscanReg'.
Removing unused module `\MSKregEn'.
Removing unused module `\MSKreg'.
Removing unused module `\MSKref_sni'.
Removing unused module `\MSKnor_hpc2'.
Removing unused module `\MSKmux'.
Removing unused module `\MSKinv'.
Removing unused module `\MSKg4mul_hpc3'.
Removing unused module `\MSKg4mul_hpc1'.
Removing unused module `\MSKg4mul_dom'.
Removing unused module `\MSKg16mul_hpc3'.
Removing unused module `\MSKg16mul_hpc1'.
Removing unused module `\MSKg16mul_dom'.
Removing unused module `\MSKcst'.
Removing unused module `\MSKand_sharewise'.
Removing unused module `\MSKand_hpc3o_tof'.
Removing unused module `\MSKand_hpc3o_swapped_tof'.
Removing unused module `\MSKand_hpc3o_swapped'.
Removing unused module `\MSKand_hpc3o'.
Removing unused module `\MSKand_hpc3_cross_er_swapped'.
Removing unused module `\MSKand_hpc3_cross_er'.
Removing unused module `\MSKand_hpc3_cross'.
Removing unused module `\MSKand_hpc3'.
Removing unused module `\MSKand_hpc2o_tof'.
Removing unused module `\MSKand_hpc2o_swapped_tof'.
Removing unused module `\MSKand_hpc2o_swapped'.
Removing unused module `\MSKand_hpc2o_cross_swapped'.
Removing unused module `\MSKand_hpc2o_cross'.
Removing unused module `\MSKand_hpc2o'.
Removing unused module `\MSKand_hpc2_swapped'.
Removing unused module `\MSKand_hpc2_cross_swapped'.
Removing unused module `\MSKand_hpc2_cross'.
Removing unused module `\MSKand_hpc2'.
Removing unused module `\MSKand_hpc1'.
Removing unused module `\MSKand_ghpcll'.
Removing unused module `\MSKand_ghpc'.
Removing unused module `\MSKand_dom'.
Removing unused module `\G4_mul'.
Removing unused module `\G16_mul'.
Removing unused module `\G4_scl_N'.
Removing unused module `\bin_REG'.
Removed 44 unused modules.

46. Executing PROC pass (convert processes to netlists).

46.1. Executing PROC_CLEAN pass (remove empty switches from decision trees).
Cleaned up 0 empty switches.

46.2. Executing PROC_RMDEAD pass (remove dead branches from decision trees).
Marked 5 switch rules as full_case in process $proc$gadget_library/RNG/trivium/prng_top.v:92$327 in module prng_top.
Marked 1 switch rules as full_case in process $proc$gadget_library/RNG/trivium/prng_top.v:83$324 in module prng_top.
Marked 1 switch rules as full_case in process $proc$gadget_library/RNG/trivium/prng_top.v:71$323 in module prng_top.
Marked 1 switch rules as full_case in process $proc$gadget_library/RNG/trivium/trivium_prng.v:61$347 in module $paramod\trivium_prng\RND=s32'00000000000000000000001000000000.
Removed a total of 0 dead cases.

46.3. Executing PROC_PRUNE pass (remove redundant assignments in processes).
Removed 2 redundant assignments.
Promoted 4 assignments to connections.

46.4. Executing PROC_INIT pass (extract init attributes).

46.5. Executing PROC_ARST pass (detect async resets in processes).

46.6. Executing PROC_ROM pass (convert switches to ROMs).
Converted 0 switches.
<suppressed ~10 debug messages>

46.7. Executing PROC_MUX pass (convert decision trees to multiplexers).
Creating decoders for process `\prng_top.$proc$gadget_library/RNG/trivium/prng_top.v:152$331'.
     1/1: $0\reg_rnd_out[511:0]
Creating decoders for process `\prng_top.$proc$gadget_library/RNG/trivium/prng_top.v:92$327'.
     1/10: $3\core_feed_seed[0:0]
     2/10: $4\nextstate[1:0]
     3/10: $2\core_update[0:0]
     4/10: $3\nextstate[1:0]
     5/10: $2\core_feed_seed[0:0]
     6/10: $2\nextstate[1:0]
     7/10: $1\nextstate[1:0]
     8/10: $1\core_feed_seed[0:0]
     9/10: $1\rst_cnt[0:0]
    10/10: $1\core_update[0:0]
Creating decoders for process `\prng_top.$proc$gadget_library/RNG/trivium/prng_top.v:83$324'.
     1/1: $0\cnt_fsm[1:0]
Creating decoders for process `\prng_top.$proc$gadget_library/RNG/trivium/prng_top.v:71$323'.
     1/1: $0\state[1:0]
Creating decoders for process `$paramod\trivium_prng\RND=s32'00000000000000000000001000000000.$proc$gadget_library/RNG/trivium/trivium_prng.v:61$347'.
     1/1: $0\state[287:0]

46.8. Executing PROC_DLATCH pass (convert process syncs to latches).
No latch inferred for signal `\prng_top.\core_feed_seed' from process `\prng_top.$proc$gadget_library/RNG/trivium/prng_top.v:92$327'.
No latch inferred for signal `\prng_top.\core_update' from process `\prng_top.$proc$gadget_library/RNG/trivium/prng_top.v:92$327'.
No latch inferred for signal `\prng_top.\nextstate' from process `\prng_top.$proc$gadget_library/RNG/trivium/prng_top.v:92$327'.
No latch inferred for signal `\prng_top.\rst_cnt' from process `\prng_top.$proc$gadget_library/RNG/trivium/prng_top.v:92$327'.

46.9. Executing PROC_DFF pass (convert process syncs to FFs).
Creating register for signal `\prng_top.\reg_rnd_out' using process `\prng_top.$proc$gadget_library/RNG/trivium/prng_top.v:152$331'.
  created $dff cell `$procdff$7587' with positive edge clock.
Creating register for signal `\prng_top.\cnt_fsm' using process `\prng_top.$proc$gadget_library/RNG/trivium/prng_top.v:83$324'.
  created $dff cell `$procdff$7588' with positive edge clock.
Creating register for signal `\prng_top.\state' using process `\prng_top.$proc$gadget_library/RNG/trivium/prng_top.v:71$323'.
  created $dff cell `$procdff$7589' with positive edge clock.
Creating register for signal `$paramod\trivium_prng\RND=s32'00000000000000000000001000000000.\state' using process `$paramod\trivium_prng\RND=s32'00000000000000000000001000000000.$proc$gadget_library/RNG/trivium/trivium_prng.v:61$347'.
  created $dff cell `$procdff$7590' with positive edge clock.

46.10. Executing PROC_MEMWR pass (convert process memory writes to cells).

46.11. Executing PROC_CLEAN pass (remove empty switches from decision trees).
Found and cleaned up 1 empty switch in `\prng_top.$proc$gadget_library/RNG/trivium/prng_top.v:152$331'.
Removing empty process `prng_top.$proc$gadget_library/RNG/trivium/prng_top.v:152$331'.
Found and cleaned up 5 empty switches in `\prng_top.$proc$gadget_library/RNG/trivium/prng_top.v:92$327'.
Removing empty process `prng_top.$proc$gadget_library/RNG/trivium/prng_top.v:92$327'.
Found and cleaned up 1 empty switch in `\prng_top.$proc$gadget_library/RNG/trivium/prng_top.v:83$324'.
Removing empty process `prng_top.$proc$gadget_library/RNG/trivium/prng_top.v:83$324'.
Found and cleaned up 1 empty switch in `\prng_top.$proc$gadget_library/RNG/trivium/prng_top.v:71$323'.
Removing empty process `prng_top.$proc$gadget_library/RNG/trivium/prng_top.v:71$323'.
Found and cleaned up 2 empty switches in `$paramod\trivium_prng\RND=s32'00000000000000000000001000000000.$proc$gadget_library/RNG/trivium/trivium_prng.v:61$347'.
Removing empty process `$paramod\trivium_prng\RND=s32'00000000000000000000001000000000.$proc$gadget_library/RNG/trivium/trivium_prng.v:61$347'.
Cleaned up 10 empty switches.

46.12. Executing OPT_EXPR pass (perform const folding).
Optimizing module prng_top.
<suppressed ~4 debug messages>
Optimizing module $paramod\trivium_prng\RND=s32'00000000000000000000001000000000.

47. Executing OPT pass (performing simple optimizations).

47.1. Executing OPT_EXPR pass (perform const folding).
Optimizing module prng_top.
Optimizing module $paramod\trivium_prng\RND=s32'00000000000000000000001000000000.

47.2. Executing OPT_MERGE pass (detect identical cells).
Finding identical cells in module `\prng_top'.
<suppressed ~39 debug messages>
Finding identical cells in module `$paramod\trivium_prng\RND=s32'00000000000000000000001000000000'.
Removed a total of 13 cells.

47.3. Executing OPT_MUXTREE pass (detect dead branches in mux trees).
Running muxtree optimizer on module \prng_top..
  Creating internal representation of mux trees.
  Evaluating internal representation of mux trees.
  Analyzing evaluation results.
    dead port 2/2 on $mux $procmux$7557.
    dead port 2/2 on $mux $procmux$7549.
    dead port 2/2 on $mux $procmux$7541.
    dead port 2/2 on $mux $procmux$7534.
    dead port 2/2 on $mux $procmux$7528.
    dead port 2/2 on $mux $procmux$7522.
Running muxtree optimizer on module $paramod\trivium_prng\RND=s32'00000000000000000000001000000000..
  Creating internal representation of mux trees.
  Evaluating internal representation of mux trees.
  Analyzing evaluation results.
Removed 6 multiplexer ports.
<suppressed ~7 debug messages>

47.4. Executing OPT_REDUCE pass (consolidate $*mux and $reduce_* inputs).
  Optimizing cells in module \prng_top.
  Optimizing cells in module $paramod\trivium_prng\RND=s32'00000000000000000000001000000000.
Performed a total of 0 changes.

47.5. Executing OPT_MERGE pass (detect identical cells).
Finding identical cells in module `\prng_top'.
<suppressed ~6 debug messages>
Finding identical cells in module `$paramod\trivium_prng\RND=s32'00000000000000000000001000000000'.
Removed a total of 2 cells.

47.6. Executing OPT_DFF pass (perform DFF optimizations).
Adding SRST signal on $procdff$7588 ($dff) from module prng_top (D = $add$gadget_library/RNG/trivium/prng_top.v:87$326_Y [1:0], Q = \cnt_fsm, rval = 2'00).
Adding SRST signal on $procdff$7589 ($dff) from module prng_top (D = \nextstate, Q = \state, rval = 2'00).
Adding EN signal on $procdff$7587 ($dff) from module prng_top (D = \random_bits, Q = \reg_rnd_out).
Adding SRST signal on $procdff$7590 ($dff) from module $paramod\trivium_prng\RND=s32'00000000000000000000001000000000 (D = { $procmux$7582_Y [287:173] $procmux$7582_Y [92:80] }, Q = { \state [287:173] \state [92:80] }, rval = 128'11100000000000000000000000000000000000000000000000000000000000000000000000000000000000000000000000000000000000000000000000000000).
Adding EN signal on $procdff$7590 ($dff) from module $paramod\trivium_prng\RND=s32'00000000000000000000001000000000 (D = { $procmux$7585_Y [172:93] $procmux$7585_Y [79:0] }, Q = { \state [172:93] \state [79:0] }).
Adding EN signal on $auto$ff.cc:266:slice$7594 ($sdff) from module $paramod\trivium_prng\RND=s32'00000000000000000000001000000000 (D = { $xor$gadget_library/RNG/trivium/trivium_prng.v:93$5975_Y $xor$gadget_library/RNG/trivium/trivium_prng.v:93$5989_Y $xor$gadget_library/RNG/trivium/trivium_prng.v:93$6003_Y $xor$gadget_library/RNG/trivium/trivium_prng.v:93$6017_Y $xor$gadget_library/RNG/trivium/trivium_prng.v:93$6031_Y $xor$gadget_library/RNG/trivium/trivium_prng.v:93$6045_Y $xor$gadget_library/RNG/trivium/trivium_prng.v:93$6059_Y $xor$gadget_library/RNG/trivium/trivium_prng.v:93$6073_Y $xor$gadget_library/RNG/trivium/trivium_prng.v:93$6087_Y $xor$gadget_library/RNG/trivium/trivium_prng.v:93$6101_Y $xor$gadget_library/RNG/trivium/trivium_prng.v:93$6115_Y $xor$gadget_library/RNG/trivium/trivium_prng.v:93$6129_Y $xor$gadget_library/RNG/trivium/trivium_prng.v:93$6143_Y $xor$gadget_library/RNG/trivium/trivium_prng.v:93$6157_Y $xor$gadget_library/RNG/trivium/trivium_prng.v:93$6171_Y $xor$gadget_library/RNG/trivium/trivium_prng.v:93$6185_Y $xor$gadget_library/RNG/trivium/trivium_prng.v:93$6199_Y $xor$gadget_library/RNG/trivium/trivium_prng.v:93$6213_Y $xor$gadget_library/RNG/trivium/trivium_prng.v:93$6227_Y $xor$gadget_library/RNG/trivium/trivium_prng.v:93$6241_Y $xor$gadget_library/RNG/trivium/trivium_prng.v:93$6255_Y $xor$gadget_library/RNG/trivium/trivium_prng.v:93$6269_Y $xor$gadget_library/RNG/trivium/trivium_prng.v:93$6283_Y $xor$gadget_library/RNG/trivium/trivium_prng.v:93$6297_Y $xor$gadget_library/RNG/trivium/trivium_prng.v:93$6311_Y $xor$gadget_library/RNG/trivium/trivium_prng.v:93$6325_Y $xor$gadget_library/RNG/trivium/trivium_prng.v:93$6339_Y $xor$gadget_library/RNG/trivium/trivium_prng.v:93$6353_Y $xor$gadget_library/RNG/trivium/trivium_prng.v:93$6367_Y $xor$gadget_library/RNG/trivium/trivium_prng.v:93$6381_Y $xor$gadget_library/RNG/trivium/trivium_prng.v:93$6395_Y $xor$gadget_library/RNG/trivium/trivium_prng.v:93$6409_Y $xor$gadget_library/RNG/trivium/trivium_prng.v:93$6423_Y $xor$gadget_library/RNG/trivium/trivium_prng.v:93$6437_Y $xor$gadget_library/RNG/trivium/trivium_prng.v:93$6451_Y $xor$gadget_library/RNG/trivium/trivium_prng.v:93$6465_Y $xor$gadget_library/RNG/trivium/trivium_prng.v:93$6479_Y $xor$gadget_library/RNG/trivium/trivium_prng.v:93$6493_Y $xor$gadget_library/RNG/trivium/trivium_prng.v:93$6507_Y $xor$gadget_library/RNG/trivium/trivium_prng.v:93$6521_Y $xor$gadget_library/RNG/trivium/trivium_prng.v:93$6535_Y $xor$gadget_library/RNG/trivium/trivium_prng.v:93$6549_Y $xor$gadget_library/RNG/trivium/trivium_prng.v:93$6563_Y $xor$gadget_library/RNG/trivium/trivium_prng.v:93$6577_Y $xor$gadget_library/RNG/trivium/trivium_prng.v:93$6591_Y $xor$gadget_library/RNG/trivium/trivium_prng.v:93$6605_Y $xor$gadget_library/RNG/trivium/trivium_prng.v:93$6619_Y $xor$gadget_library/RNG/trivium/trivium_prng.v:93$6633_Y $xor$gadget_library/RNG/trivium/trivium_prng.v:93$6647_Y $xor$gadget_library/RNG/trivium/trivium_prng.v:93$6661_Y $xor$gadget_library/RNG/trivium/trivium_prng.v:93$6675_Y $xor$gadget_library/RNG/trivium/trivium_prng.v:93$6689_Y $xor$gadget_library/RNG/trivium/trivium_prng.v:93$6703_Y $xor$gadget_library/RNG/trivium/trivium_prng.v:93$6717_Y $xor$gadget_library/RNG/trivium/trivium_prng.v:93$6731_Y $xor$gadget_library/RNG/trivium/trivium_prng.v:93$6745_Y $xor$gadget_library/RNG/trivium/trivium_prng.v:93$6759_Y $xor$gadget_library/RNG/trivium/trivium_prng.v:93$6773_Y $xor$gadget_library/RNG/trivium/trivium_prng.v:93$6787_Y $xor$gadget_library/RNG/trivium/trivium_prng.v:93$6801_Y $xor$gadget_library/RNG/trivium/trivium_prng.v:93$6815_Y $xor$gadget_library/RNG/trivium/trivium_prng.v:93$6829_Y $xor$gadget_library/RNG/trivium/trivium_prng.v:93$6843_Y $xor$gadget_library/RNG/trivium/trivium_prng.v:93$6857_Y $xor$gadget_library/RNG/trivium/trivium_prng.v:93$6871_Y $xor$gadget_library/RNG/trivium/trivium_prng.v:93$6885_Y $xor$gadget_library/RNG/trivium/trivium_prng.v:93$6899_Y $xor$gadget_library/RNG/trivium/trivium_prng.v:93$6913_Y $xor$gadget_library/RNG/trivium/trivium_prng.v:93$6927_Y $xor$gadget_library/RNG/trivium/trivium_prng.v:93$6941_Y $xor$gadget_library/RNG/trivium/trivium_prng.v:93$6955_Y $xor$gadget_library/RNG/trivium/trivium_prng.v:93$6969_Y $xor$gadget_library/RNG/trivium/trivium_prng.v:93$6983_Y $xor$gadget_library/RNG/trivium/trivium_prng.v:93$6997_Y $xor$gadget_library/RNG/trivium/trivium_prng.v:93$7011_Y $xor$gadget_library/RNG/trivium/trivium_prng.v:93$7025_Y $xor$gadget_library/RNG/trivium/trivium_prng.v:93$7039_Y $xor$gadget_library/RNG/trivium/trivium_prng.v:93$7053_Y $xor$gadget_library/RNG/trivium/trivium_prng.v:93$7067_Y $xor$gadget_library/RNG/trivium/trivium_prng.v:93$7081_Y $xor$gadget_library/RNG/trivium/trivium_prng.v:93$7095_Y $xor$gadget_library/RNG/trivium/trivium_prng.v:93$7109_Y $xor$gadget_library/RNG/trivium/trivium_prng.v:93$7123_Y $xor$gadget_library/RNG/trivium/trivium_prng.v:93$7137_Y $xor$gadget_library/RNG/trivium/trivium_prng.v:93$7151_Y $xor$gadget_library/RNG/trivium/trivium_prng.v:93$7165_Y $xor$gadget_library/RNG/trivium/trivium_prng.v:93$7179_Y $xor$gadget_library/RNG/trivium/trivium_prng.v:93$7193_Y $xor$gadget_library/RNG/trivium/trivium_prng.v:93$7207_Y $xor$gadget_library/RNG/trivium/trivium_prng.v:93$7221_Y $xor$gadget_library/RNG/trivium/trivium_prng.v:93$7235_Y $xor$gadget_library/RNG/trivium/trivium_prng.v:93$7249_Y $xor$gadget_library/RNG/trivium/trivium_prng.v:93$7263_Y $xor$gadget_library/RNG/trivium/trivium_prng.v:93$7277_Y $xor$gadget_library/RNG/trivium/trivium_prng.v:93$7291_Y $xor$gadget_library/RNG/trivium/trivium_prng.v:93$7305_Y $xor$gadget_library/RNG/trivium/trivium_prng.v:93$7319_Y $xor$gadget_library/RNG/trivium/trivium_prng.v:93$7333_Y $xor$gadget_library/RNG/trivium/trivium_prng.v:93$7347_Y $xor$gadget_library/RNG/trivium/trivium_prng.v:93$7361_Y $xor$gadget_library/RNG/trivium/trivium_prng.v:93$7375_Y $xor$gadget_library/RNG/trivium/trivium_prng.v:93$7389_Y $xor$gadget_library/RNG/trivium/trivium_prng.v:93$7403_Y $xor$gadget_library/RNG/trivium/trivium_prng.v:93$7417_Y $xor$gadget_library/RNG/trivium/trivium_prng.v:93$7431_Y $xor$gadget_library/RNG/trivium/trivium_prng.v:93$7445_Y $xor$gadget_library/RNG/trivium/trivium_prng.v:93$7459_Y $xor$gadget_library/RNG/trivium/trivium_prng.v:93$7473_Y $xor$gadget_library/RNG/trivium/trivium_prng.v:93$7487_Y $xor$gadget_library/RNG/trivium/trivium_prng.v:93$7501_Y $xor$gadget_library/RNG/trivium/trivium_prng.v:93$7515_Y $xor$gadget_library/RNG/trivium/trivium_prng.v:91$6350_Y $xor$gadget_library/RNG/trivium/trivium_prng.v:91$6364_Y $xor$gadget_library/RNG/trivium/trivium_prng.v:91$6378_Y $xor$gadget_library/RNG/trivium/trivium_prng.v:91$6392_Y $xor$gadget_library/RNG/trivium/trivium_prng.v:89$6221_Y $xor$gadget_library/RNG/trivium/trivium_prng.v:89$6235_Y $xor$gadget_library/RNG/trivium/trivium_prng.v:89$6249_Y $xor$gadget_library/RNG/trivium/trivium_prng.v:89$6263_Y $xor$gadget_library/RNG/trivium/trivium_prng.v:89$6277_Y $xor$gadget_library/RNG/trivium/trivium_prng.v:89$6291_Y $xor$gadget_library/RNG/trivium/trivium_prng.v:89$6305_Y $xor$gadget_library/RNG/trivium/trivium_prng.v:89$6319_Y $xor$gadget_library/RNG/trivium/trivium_prng.v:89$6333_Y $xor$gadget_library/RNG/trivium/trivium_prng.v:89$6347_Y $xor$gadget_library/RNG/trivium/trivium_prng.v:89$6361_Y $xor$gadget_library/RNG/trivium/trivium_prng.v:89$6375_Y $xor$gadget_library/RNG/trivium/trivium_prng.v:89$6389_Y }, Q = { \state [287:173] \state [92:80] }).

47.7. Executing OPT_CLEAN pass (remove unused cells and wires).
Finding unused cells or wires in module \prng_top..
Finding unused cells or wires in module $paramod\trivium_prng\RND=s32'00000000000000000000001000000000..
Removed 3 unused cells and 3643 unused wires.
<suppressed ~5 debug messages>

47.8. Executing OPT_EXPR pass (perform const folding).
Optimizing module $paramod\trivium_prng\RND=s32'00000000000000000000001000000000.
<suppressed ~1 debug messages>
Optimizing module prng_top.

47.9. Rerunning OPT passes. (Maybe there is more to do..)

47.10. Executing OPT_MUXTREE pass (detect dead branches in mux trees).
Running muxtree optimizer on module $paramod\trivium_prng\RND=s32'00000000000000000000001000000000..
  Creating internal representation of mux trees.
  Evaluating internal representation of mux trees.
  Analyzing evaluation results.
Running muxtree optimizer on module \prng_top..
  Creating internal representation of mux trees.
  Evaluating internal representation of mux trees.
  Analyzing evaluation results.
Removed 0 multiplexer ports.
<suppressed ~5 debug messages>

47.11. Executing OPT_REDUCE pass (consolidate $*mux and $reduce_* inputs).
  Optimizing cells in module $paramod\trivium_prng\RND=s32'00000000000000000000001000000000.
  Optimizing cells in module \prng_top.
    New ctrl vector for $pmux cell $procmux$7560: { \busy $auto$opt_reduce.cc:134:opt_pmux$7601 }
    New ctrl vector for $pmux cell $procmux$7565: $auto$opt_reduce.cc:134:opt_pmux$7603
  Optimizing cells in module \prng_top.
Performed a total of 2 changes.

47.12. Executing OPT_MERGE pass (detect identical cells).
Finding identical cells in module `$paramod\trivium_prng\RND=s32'00000000000000000000001000000000'.
Finding identical cells in module `\prng_top'.
<suppressed ~3 debug messages>
Removed a total of 1 cells.

47.13. Executing OPT_DFF pass (perform DFF optimizations).
Adding EN signal on $auto$ff.cc:266:slice$7592 ($sdff) from module prng_top (D = \nextstate, Q = \state).

47.14. Executing OPT_CLEAN pass (remove unused cells and wires).
Finding unused cells or wires in module $paramod\trivium_prng\RND=s32'00000000000000000000001000000000..
Finding unused cells or wires in module \prng_top..
Removed 0 unused cells and 1 unused wires.
<suppressed ~1 debug messages>

47.15. Executing OPT_EXPR pass (perform const folding).
Optimizing module $paramod\trivium_prng\RND=s32'00000000000000000000001000000000.
Optimizing module prng_top.
<suppressed ~1 debug messages>

47.16. Rerunning OPT passes. (Maybe there is more to do..)

47.17. Executing OPT_MUXTREE pass (detect dead branches in mux trees).
Running muxtree optimizer on module $paramod\trivium_prng\RND=s32'00000000000000000000001000000000..
  Creating internal representation of mux trees.
  Evaluating internal representation of mux trees.
  Analyzing evaluation results.
Running muxtree optimizer on module \prng_top..
  Creating internal representation of mux trees.
  Evaluating internal representation of mux trees.
  Analyzing evaluation results.
Removed 0 multiplexer ports.
<suppressed ~5 debug messages>

47.18. Executing OPT_REDUCE pass (consolidate $*mux and $reduce_* inputs).
  Optimizing cells in module $paramod\trivium_prng\RND=s32'00000000000000000000001000000000.
  Optimizing cells in module \prng_top.
Performed a total of 0 changes.

47.19. Executing OPT_MERGE pass (detect identical cells).
Finding identical cells in module `$paramod\trivium_prng\RND=s32'00000000000000000000001000000000'.
Finding identical cells in module `\prng_top'.
Removed a total of 0 cells.

47.20. Executing OPT_DFF pass (perform DFF optimizations).

47.21. Executing OPT_CLEAN pass (remove unused cells and wires).
Finding unused cells or wires in module $paramod\trivium_prng\RND=s32'00000000000000000000001000000000..
Finding unused cells or wires in module \prng_top..

47.22. Executing OPT_EXPR pass (perform const folding).
Optimizing module $paramod\trivium_prng\RND=s32'00000000000000000000001000000000.
Optimizing module prng_top.

47.23. Finished OPT passes. (There is nothing left to do.)

48. Executing FSM pass (extract and optimize FSM).

48.1. Executing FSM_DETECT pass (finding FSMs in design).

48.2. Executing FSM_EXTRACT pass (extracting FSM from design).

48.3. Executing FSM_OPT pass (simple optimizations of FSMs).

48.4. Executing OPT_CLEAN pass (remove unused cells and wires).
Finding unused cells or wires in module $paramod\trivium_prng\RND=s32'00000000000000000000001000000000..
Finding unused cells or wires in module \prng_top..

48.5. Executing FSM_OPT pass (simple optimizations of FSMs).

48.6. Executing FSM_RECODE pass (re-assigning FSM state encoding).

48.7. Executing FSM_INFO pass (dumping all available information on FSM cells).

48.8. Executing FSM_MAP pass (mapping FSMs to basic logic).

49. Executing OPT pass (performing simple optimizations).

49.1. Executing OPT_EXPR pass (perform const folding).
Optimizing module $paramod\trivium_prng\RND=s32'00000000000000000000001000000000.
Optimizing module prng_top.

49.2. Executing OPT_MERGE pass (detect identical cells).
Finding identical cells in module `$paramod\trivium_prng\RND=s32'00000000000000000000001000000000'.
Finding identical cells in module `\prng_top'.
Removed a total of 0 cells.

49.3. Executing OPT_MUXTREE pass (detect dead branches in mux trees).
Running muxtree optimizer on module $paramod\trivium_prng\RND=s32'00000000000000000000001000000000..
  Creating internal representation of mux trees.
  Evaluating internal representation of mux trees.
  Analyzing evaluation results.
Running muxtree optimizer on module \prng_top..
  Creating internal representation of mux trees.
  Evaluating internal representation of mux trees.
  Analyzing evaluation results.
Removed 0 multiplexer ports.
<suppressed ~5 debug messages>

49.4. Executing OPT_REDUCE pass (consolidate $*mux and $reduce_* inputs).
  Optimizing cells in module $paramod\trivium_prng\RND=s32'00000000000000000000001000000000.
  Optimizing cells in module \prng_top.
Performed a total of 0 changes.

49.5. Executing OPT_MERGE pass (detect identical cells).
Finding identical cells in module `$paramod\trivium_prng\RND=s32'00000000000000000000001000000000'.
Finding identical cells in module `\prng_top'.
Removed a total of 0 cells.

49.6. Executing OPT_DFF pass (perform DFF optimizations).

49.7. Executing OPT_CLEAN pass (remove unused cells and wires).
Finding unused cells or wires in module $paramod\trivium_prng\RND=s32'00000000000000000000001000000000..
Finding unused cells or wires in module \prng_top..

49.8. Executing OPT_EXPR pass (perform const folding).
Optimizing module $paramod\trivium_prng\RND=s32'00000000000000000000001000000000.
Optimizing module prng_top.

49.9. Finished OPT passes. (There is nothing left to do.)

50. Executing MEMORY pass.

50.1. Executing OPT_MEM pass (optimize memories).
Performed a total of 0 transformations.

50.2. Executing OPT_MEM_PRIORITY pass (removing unnecessary memory write priority relations).
Performed a total of 0 transformations.

50.3. Executing OPT_MEM_FEEDBACK pass (finding memory read-to-write feedback paths).

50.4. Executing MEMORY_BMUX2ROM pass (converting muxes to ROMs).

50.5. Executing MEMORY_DFF pass (merging $dff cells to $memrd).

50.6. Executing OPT_CLEAN pass (remove unused cells and wires).
Finding unused cells or wires in module $paramod\trivium_prng\RND=s32'00000000000000000000001000000000..
Finding unused cells or wires in module \prng_top..

50.7. Executing MEMORY_SHARE pass (consolidating $memrd/$memwr cells).

50.8. Executing OPT_MEM_WIDEN pass (optimize memories where all ports are wide).
Performed a total of 0 transformations.

50.9. Executing OPT_CLEAN pass (remove unused cells and wires).
Finding unused cells or wires in module $paramod\trivium_prng\RND=s32'00000000000000000000001000000000..
Finding unused cells or wires in module \prng_top..

50.10. Executing MEMORY_COLLECT pass (generating $mem cells).

50.11. Executing MEMORY_MAP pass (converting memories to logic and flip-flops).

51. Executing OPT pass (performing simple optimizations).

51.1. Executing OPT_EXPR pass (perform const folding).
Optimizing module $paramod\trivium_prng\RND=s32'00000000000000000000001000000000.
Optimizing module prng_top.

51.2. Executing OPT_MERGE pass (detect identical cells).
Finding identical cells in module `$paramod\trivium_prng\RND=s32'00000000000000000000001000000000'.
Finding identical cells in module `\prng_top'.
Removed a total of 0 cells.

51.3. Executing OPT_MUXTREE pass (detect dead branches in mux trees).
Running muxtree optimizer on module $paramod\trivium_prng\RND=s32'00000000000000000000001000000000..
  Creating internal representation of mux trees.
  Evaluating internal representation of mux trees.
  Analyzing evaluation results.
Running muxtree optimizer on module \prng_top..
  Creating internal representation of mux trees.
  Evaluating internal representation of mux trees.
  Analyzing evaluation results.
Removed 0 multiplexer ports.
<suppressed ~5 debug messages>

51.4. Executing OPT_REDUCE pass (consolidate $*mux and $reduce_* inputs).
  Optimizing cells in module $paramod\trivium_prng\RND=s32'00000000000000000000001000000000.
  Optimizing cells in module \prng_top.
Performed a total of 0 changes.

51.5. Executing OPT_MERGE pass (detect identical cells).
Finding identical cells in module `$paramod\trivium_prng\RND=s32'00000000000000000000001000000000'.
Finding identical cells in module `\prng_top'.
Removed a total of 0 cells.

51.6. Executing OPT_DFF pass (perform DFF optimizations).

51.7. Executing OPT_CLEAN pass (remove unused cells and wires).
Finding unused cells or wires in module $paramod\trivium_prng\RND=s32'00000000000000000000001000000000..
Finding unused cells or wires in module \prng_top..

51.8. Executing OPT_EXPR pass (perform const folding).
Optimizing module $paramod\trivium_prng\RND=s32'00000000000000000000001000000000.
Optimizing module prng_top.

51.9. Finished OPT passes. (There is nothing left to do.)

52. Executing TECHMAP pass (map to technology primitives).

52.1. Executing Verilog-2005 frontend: /home/nilotpola/.local/bin/../share/yosys/techmap.v
Parsing Verilog input from `/home/nilotpola/.local/bin/../share/yosys/techmap.v' to AST representation.
Generating RTLIL representation for module `\_90_simplemap_bool_ops'.
Generating RTLIL representation for module `\_90_simplemap_reduce_ops'.
Generating RTLIL representation for module `\_90_simplemap_logic_ops'.
Generating RTLIL representation for module `\_90_simplemap_compare_ops'.
Generating RTLIL representation for module `\_90_simplemap_various'.
Generating RTLIL representation for module `\_90_simplemap_registers'.
Generating RTLIL representation for module `\_90_shift_ops_shr_shl_sshl_sshr'.
Generating RTLIL representation for module `\_90_shift_shiftx'.
Generating RTLIL representation for module `\_90_fa'.
Generating RTLIL representation for module `\_90_lcu'.
Generating RTLIL representation for module `\_90_alu'.
Generating RTLIL representation for module `\_90_macc'.
Generating RTLIL representation for module `\_90_alumacc'.
Generating RTLIL representation for module `\$__div_mod_u'.
Generating RTLIL representation for module `\$__div_mod_trunc'.
Generating RTLIL representation for module `\_90_div'.
Generating RTLIL representation for module `\_90_mod'.
Generating RTLIL representation for module `\$__div_mod_floor'.
Generating RTLIL representation for module `\_90_divfloor'.
Generating RTLIL representation for module `\_90_modfloor'.
Generating RTLIL representation for module `\_90_pow'.
Generating RTLIL representation for module `\_90_pmux'.
Generating RTLIL representation for module `\_90_demux'.
Generating RTLIL representation for module `\_90_lut'.
Successfully finished Verilog frontend.

52.2. Continuing TECHMAP pass.
Using extmapper simplemap for cells of type $sdff.
Using extmapper simplemap for cells of type $mux.
Using template $paramod$521ce43182eecb9f60c72393a788160d2c356bf5\_90_pmux for cells of type $pmux.
Using extmapper simplemap for cells of type $sdffe.
Using extmapper simplemap for cells of type $reduce_or.
Using extmapper simplemap for cells of type $eq.
Using template $paramod$c5c783b17ab1d780abfad8cfe6563a0a7b47a3b0\_90_pmux for cells of type $pmux.
Using extmapper simplemap for cells of type $logic_not.
Using extmapper simplemap for cells of type $dffe.
Using extmapper simplemap for cells of type $or.
Running "alumacc" on wrapper $extern:wrap:$add:A_SIGNED=0:A_WIDTH=2:B_SIGNED=0:B_WIDTH=32:Y_WIDTH=32:394426c56d1a028ba8fdd5469b163e04011def47.
Using template $extern:wrap:$add:A_SIGNED=0:A_WIDTH=2:B_SIGNED=0:B_WIDTH=32:Y_WIDTH=32:394426c56d1a028ba8fdd5469b163e04011def47 for cells of type $extern:wrap:$add:A_SIGNED=0:A_WIDTH=2:B_SIGNED=0:B_WIDTH=32:Y_WIDTH=32:394426c56d1a028ba8fdd5469b163e04011def47.
Using extmapper simplemap for cells of type $reduce_and.
Using extmapper simplemap for cells of type $ne.
Using extmapper simplemap for cells of type $reduce_bool.
Using template $paramod$9fe62a4b81638d72bc060d25c78265035b9c879a\_90_alu for cells of type $alu.
Using extmapper simplemap for cells of type $and.
Using extmapper simplemap for cells of type $not.
Using extmapper simplemap for cells of type $pos.
Using template $paramod\_90_lcu\WIDTH=32'00000000000000000000000000100000 for cells of type $lcu.
Using extmapper simplemap for cells of type $xor.
No more expansions possible.
<suppressed ~7627 debug messages>

53. Executing OPT pass (performing simple optimizations).

53.1. Executing OPT_EXPR pass (perform const folding).
Optimizing module $paramod\trivium_prng\RND=s32'00000000000000000000001000000000.
Optimizing module prng_top.
<suppressed ~319 debug messages>

53.2. Executing OPT_MERGE pass (detect identical cells).
Finding identical cells in module `$paramod\trivium_prng\RND=s32'00000000000000000000001000000000'.
Finding identical cells in module `\prng_top'.
<suppressed ~6 debug messages>
Removed a total of 2 cells.

53.3. Executing OPT_MUXTREE pass (detect dead branches in mux trees).
Running muxtree optimizer on module $paramod\trivium_prng\RND=s32'00000000000000000000001000000000..
  Creating internal representation of mux trees.
  No muxes found in this module.
Running muxtree optimizer on module \prng_top..
  Creating internal representation of mux trees.
  No muxes found in this module.
Removed 0 multiplexer ports.

53.4. Executing OPT_REDUCE pass (consolidate $*mux and $reduce_* inputs).
  Optimizing cells in module $paramod\trivium_prng\RND=s32'00000000000000000000001000000000.
  Optimizing cells in module \prng_top.
Performed a total of 0 changes.

53.5. Executing OPT_MERGE pass (detect identical cells).
Finding identical cells in module `$paramod\trivium_prng\RND=s32'00000000000000000000001000000000'.
Finding identical cells in module `\prng_top'.
Removed a total of 0 cells.

53.6. Executing OPT_DFF pass (perform DFF optimizations).

53.7. Executing OPT_CLEAN pass (remove unused cells and wires).
Finding unused cells or wires in module $paramod\trivium_prng\RND=s32'00000000000000000000001000000000..
Finding unused cells or wires in module \prng_top..
Removed 257 unused cells and 186 unused wires.
<suppressed ~259 debug messages>

53.8. Executing OPT_EXPR pass (perform const folding).
Optimizing module $paramod\trivium_prng\RND=s32'00000000000000000000001000000000.
Optimizing module prng_top.

53.9. Rerunning OPT passes. (Maybe there is more to do..)

53.10. Executing OPT_MUXTREE pass (detect dead branches in mux trees).
Running muxtree optimizer on module $paramod\trivium_prng\RND=s32'00000000000000000000001000000000..
  Creating internal representation of mux trees.
  No muxes found in this module.
Running muxtree optimizer on module \prng_top..
  Creating internal representation of mux trees.
  No muxes found in this module.
Removed 0 multiplexer ports.

53.11. Executing OPT_REDUCE pass (consolidate $*mux and $reduce_* inputs).
  Optimizing cells in module $paramod\trivium_prng\RND=s32'00000000000000000000001000000000.
  Optimizing cells in module \prng_top.
Performed a total of 0 changes.

53.12. Executing OPT_MERGE pass (detect identical cells).
Finding identical cells in module `$paramod\trivium_prng\RND=s32'00000000000000000000001000000000'.
Finding identical cells in module `\prng_top'.
Removed a total of 0 cells.

53.13. Executing OPT_DFF pass (perform DFF optimizations).

53.14. Executing OPT_CLEAN pass (remove unused cells and wires).
Finding unused cells or wires in module $paramod\trivium_prng\RND=s32'00000000000000000000001000000000..
Finding unused cells or wires in module \prng_top..

53.15. Executing OPT_EXPR pass (perform const folding).
Optimizing module $paramod\trivium_prng\RND=s32'00000000000000000000001000000000.
Optimizing module prng_top.

53.16. Finished OPT passes. (There is nothing left to do.)

54. Executing DFFLIBMAP pass (mapping DFF cells to sequential cells from liberty file).
Warning: Found unsupported expression 'SE*SI+D*!SE' in pin attribute of cell 'SDFFRS_X1' - skipping.
Warning: Found unsupported expression 'SE*SI+D*!SE' in pin attribute of cell 'SDFFRS_X2' - skipping.
Warning: Found unsupported expression 'SE*SI+D*!SE' in pin attribute of cell 'SDFFR_X1' - skipping.
Warning: Found unsupported expression 'SE*SI+D*!SE' in pin attribute of cell 'SDFFR_X2' - skipping.
Warning: Found unsupported expression 'SE*SI+D*!SE' in pin attribute of cell 'SDFFS_X1' - skipping.
Warning: Found unsupported expression 'SE*SI+D*!SE' in pin attribute of cell 'SDFFS_X2' - skipping.
Warning: Found unsupported expression 'SE*SI+D*!SE' in pin attribute of cell 'SDFF_X1' - skipping.
Warning: Found unsupported expression 'SE*SI+D*!SE' in pin attribute of cell 'SDFF_X2' - skipping.
  cell DFF_X1 (noninv, pins=4, area=4.52) is a direct match for cell type $_DFF_P_.
Warning: Found unsupported expression 'SE*SI+D*!SE' in pin attribute of cell 'SDFFRS_X1' - skipping.
Warning: Found unsupported expression 'SE*SI+D*!SE' in pin attribute of cell 'SDFFRS_X2' - skipping.
Warning: Found unsupported expression 'SE*SI+D*!SE' in pin attribute of cell 'SDFFR_X1' - skipping.
Warning: Found unsupported expression 'SE*SI+D*!SE' in pin attribute of cell 'SDFFR_X2' - skipping.
Warning: Found unsupported expression 'SE*SI+D*!SE' in pin attribute of cell 'SDFFS_X1' - skipping.
Warning: Found unsupported expression 'SE*SI+D*!SE' in pin attribute of cell 'SDFFS_X2' - skipping.
Warning: Found unsupported expression 'SE*SI+D*!SE' in pin attribute of cell 'SDFF_X1' - skipping.
Warning: Found unsupported expression 'SE*SI+D*!SE' in pin attribute of cell 'SDFF_X2' - skipping.
  cell DFFR_X1 (noninv, pins=5, area=5.32) is a direct match for cell type $_DFF_PN0_.
Warning: Found unsupported expression 'SE*SI+D*!SE' in pin attribute of cell 'SDFFRS_X1' - skipping.
Warning: Found unsupported expression 'SE*SI+D*!SE' in pin attribute of cell 'SDFFRS_X2' - skipping.
Warning: Found unsupported expression 'SE*SI+D*!SE' in pin attribute of cell 'SDFFR_X1' - skipping.
Warning: Found unsupported expression 'SE*SI+D*!SE' in pin attribute of cell 'SDFFR_X2' - skipping.
Warning: Found unsupported expression 'SE*SI+D*!SE' in pin attribute of cell 'SDFFS_X1' - skipping.
Warning: Found unsupported expression 'SE*SI+D*!SE' in pin attribute of cell 'SDFFS_X2' - skipping.
Warning: Found unsupported expression 'SE*SI+D*!SE' in pin attribute of cell 'SDFF_X1' - skipping.
Warning: Found unsupported expression 'SE*SI+D*!SE' in pin attribute of cell 'SDFF_X2' - skipping.
  cell DFFS_X1 (noninv, pins=5, area=5.32) is a direct match for cell type $_DFF_PN1_.
Warning: Found unsupported expression 'SE*SI+D*!SE' in pin attribute of cell 'SDFFRS_X1' - skipping.
Warning: Found unsupported expression 'SE*SI+D*!SE' in pin attribute of cell 'SDFFRS_X2' - skipping.
Warning: Found unsupported expression 'SE*SI+D*!SE' in pin attribute of cell 'SDFFR_X1' - skipping.
Warning: Found unsupported expression 'SE*SI+D*!SE' in pin attribute of cell 'SDFFR_X2' - skipping.
Warning: Found unsupported expression 'SE*SI+D*!SE' in pin attribute of cell 'SDFFS_X1' - skipping.
Warning: Found unsupported expression 'SE*SI+D*!SE' in pin attribute of cell 'SDFFS_X2' - skipping.
Warning: Found unsupported expression 'SE*SI+D*!SE' in pin attribute of cell 'SDFF_X1' - skipping.
Warning: Found unsupported expression 'SE*SI+D*!SE' in pin attribute of cell 'SDFF_X2' - skipping.
Warning: Found unsupported expression 'SE*SI+D*!SE' in pin attribute of cell 'SDFFRS_X1' - skipping.
Warning: Found unsupported expression 'SE*SI+D*!SE' in pin attribute of cell 'SDFFRS_X2' - skipping.
Warning: Found unsupported expression 'SE*SI+D*!SE' in pin attribute of cell 'SDFFR_X1' - skipping.
Warning: Found unsupported expression 'SE*SI+D*!SE' in pin attribute of cell 'SDFFR_X2' - skipping.
Warning: Found unsupported expression 'SE*SI+D*!SE' in pin attribute of cell 'SDFFS_X1' - skipping.
Warning: Found unsupported expression 'SE*SI+D*!SE' in pin attribute of cell 'SDFFS_X2' - skipping.
Warning: Found unsupported expression 'SE*SI+D*!SE' in pin attribute of cell 'SDFF_X1' - skipping.
Warning: Found unsupported expression 'SE*SI+D*!SE' in pin attribute of cell 'SDFF_X2' - skipping.
Warning: Found unsupported expression 'SE*SI+D*!SE' in pin attribute of cell 'SDFFRS_X1' - skipping.
Warning: Found unsupported expression 'SE*SI+D*!SE' in pin attribute of cell 'SDFFRS_X2' - skipping.
Warning: Found unsupported expression 'SE*SI+D*!SE' in pin attribute of cell 'SDFFR_X1' - skipping.
Warning: Found unsupported expression 'SE*SI+D*!SE' in pin attribute of cell 'SDFFR_X2' - skipping.
Warning: Found unsupported expression 'SE*SI+D*!SE' in pin attribute of cell 'SDFFS_X1' - skipping.
Warning: Found unsupported expression 'SE*SI+D*!SE' in pin attribute of cell 'SDFFS_X2' - skipping.
Warning: Found unsupported expression 'SE*SI+D*!SE' in pin attribute of cell 'SDFF_X1' - skipping.
Warning: Found unsupported expression 'SE*SI+D*!SE' in pin attribute of cell 'SDFF_X2' - skipping.
  cell DFFRS_X1 (noninv, pins=6, area=6.38) is a direct match for cell type $_DFFSR_PNN_.
Warning: Found unsupported expression 'SE*SI+D*!SE' in pin attribute of cell 'SDFFRS_X1' - skipping.
Warning: Found unsupported expression 'SE*SI+D*!SE' in pin attribute of cell 'SDFFRS_X2' - skipping.
Warning: Found unsupported expression 'SE*SI+D*!SE' in pin attribute of cell 'SDFFR_X1' - skipping.
Warning: Found unsupported expression 'SE*SI+D*!SE' in pin attribute of cell 'SDFFR_X2' - skipping.
Warning: Found unsupported expression 'SE*SI+D*!SE' in pin attribute of cell 'SDFFS_X1' - skipping.
Warning: Found unsupported expression 'SE*SI+D*!SE' in pin attribute of cell 'SDFFS_X2' - skipping.
Warning: Found unsupported expression 'SE*SI+D*!SE' in pin attribute of cell 'SDFF_X1' - skipping.
Warning: Found unsupported expression 'SE*SI+D*!SE' in pin attribute of cell 'SDFF_X2' - skipping.
Warning: Found unsupported expression 'SE*SI+D*!SE' in pin attribute of cell 'SDFFRS_X1' - skipping.
Warning: Found unsupported expression 'SE*SI+D*!SE' in pin attribute of cell 'SDFFRS_X2' - skipping.
Warning: Found unsupported expression 'SE*SI+D*!SE' in pin attribute of cell 'SDFFR_X1' - skipping.
Warning: Found unsupported expression 'SE*SI+D*!SE' in pin attribute of cell 'SDFFR_X2' - skipping.
Warning: Found unsupported expression 'SE*SI+D*!SE' in pin attribute of cell 'SDFFS_X1' - skipping.
Warning: Found unsupported expression 'SE*SI+D*!SE' in pin attribute of cell 'SDFFS_X2' - skipping.
Warning: Found unsupported expression 'SE*SI+D*!SE' in pin attribute of cell 'SDFF_X1' - skipping.
Warning: Found unsupported expression 'SE*SI+D*!SE' in pin attribute of cell 'SDFF_X2' - skipping.
Warning: Found unsupported expression 'SE*SI+D*!SE' in pin attribute of cell 'SDFFRS_X1' - skipping.
Warning: Found unsupported expression 'SE*SI+D*!SE' in pin attribute of cell 'SDFFRS_X2' - skipping.
Warning: Found unsupported expression 'SE*SI+D*!SE' in pin attribute of cell 'SDFFR_X1' - skipping.
Warning: Found unsupported expression 'SE*SI+D*!SE' in pin attribute of cell 'SDFFR_X2' - skipping.
Warning: Found unsupported expression 'SE*SI+D*!SE' in pin attribute of cell 'SDFFS_X1' - skipping.
Warning: Found unsupported expression 'SE*SI+D*!SE' in pin attribute of cell 'SDFFS_X2' - skipping.
Warning: Found unsupported expression 'SE*SI+D*!SE' in pin attribute of cell 'SDFF_X1' - skipping.
Warning: Found unsupported expression 'SE*SI+D*!SE' in pin attribute of cell 'SDFF_X2' - skipping.
  final dff cell mappings:
    unmapped dff cell: $_DFF_N_
    \DFF_X1 _DFF_P_ (.CK( C), .D( D), .Q( Q), .QN(~Q));
    unmapped dff cell: $_DFF_NN0_
    unmapped dff cell: $_DFF_NN1_
    unmapped dff cell: $_DFF_NP0_
    unmapped dff cell: $_DFF_NP1_
    \DFFR_X1 _DFF_PN0_ (.CK( C), .D( D), .Q( Q), .QN(~Q), .RN( R));
    \DFFS_X1 _DFF_PN1_ (.CK( C), .D( D), .Q( Q), .QN(~Q), .SN( R));
    unmapped dff cell: $_DFF_PP0_
    unmapped dff cell: $_DFF_PP1_
    unmapped dff cell: $_DFFSR_NNN_
    unmapped dff cell: $_DFFSR_NNP_
    unmapped dff cell: $_DFFSR_NPN_
    unmapped dff cell: $_DFFSR_NPP_
    \DFFRS_X1 _DFFSR_PNN_ (.CK( C), .D( D), .Q( Q), .QN(~Q), .RN( R), .SN( S));
    unmapped dff cell: $_DFFSR_PNP_
    unmapped dff cell: $_DFFSR_PPN_
    unmapped dff cell: $_DFFSR_PPP_

54.1. Executing DFFLEGALIZE pass (convert FFs to types supported by the target).
Mapping DFF cells in module `$paramod\trivium_prng\RND=s32'00000000000000000000001000000000':
  mapped 288 $_DFF_P_ cells to \DFF_X1 cells.
Mapping DFF cells in module `\prng_top':
  mapped 516 $_DFF_P_ cells to \DFF_X1 cells.

55. Executing ABC pass (technology mapping using ABC).

55.1. Extracting gate netlist of module `$paramod\trivium_prng\RND=s32'00000000000000000000001000000000' to `<abc-temp-dir>/input.blif'..
Extracted 7905 gates and 8358 wires to a netlist network with 450 inputs and 800 outputs.

55.1.1. Executing ABC.
Running ABC command: "<yosys-exe-dir>/yosys-abc" -s -f <abc-temp-dir>/abc.script 2>&1
ABC: ABC command line: "source <abc-temp-dir>/abc.script".
ABC: 
ABC: + read_blif <abc-temp-dir>/input.blif 
ABC: + read_lib -w /home/nilotpola/Downloads/TETRIS-artefact/COMPRESS-results/compress/synthesis/nangate45-pdk/stdcells.lib 
ABC: Parsing finished successfully.  Parsing time =     0.05 sec
ABC: Scl_LibertyReadGenlib() skipped cell "ANTENNA_X1" due to dont_use attribute.
ABC: Scl_LibertyReadGenlib() skipped cell "CLKGATETST_X1" without logic function.
ABC: Scl_LibertyReadGenlib() skipped cell "CLKGATETST_X2" without logic function.
ABC: Scl_LibertyReadGenlib() skipped cell "CLKGATETST_X4" without logic function.
ABC: Scl_LibertyReadGenlib() skipped cell "CLKGATETST_X8" without logic function.
ABC: Scl_LibertyReadGenlib() skipped cell "CLKGATE_X1" without logic function.
ABC: Scl_LibertyReadGenlib() skipped cell "CLKGATE_X2" without logic function.
ABC: Scl_LibertyReadGenlib() skipped cell "CLKGATE_X4" without logic function.
ABC: Scl_LibertyReadGenlib() skipped cell "CLKGATE_X8" without logic function.
ABC: Scl_LibertyReadGenlib() skipped sequential cell "DFFRS_X1".
ABC: Scl_LibertyReadGenlib() skipped sequential cell "DFFRS_X2".
ABC: Scl_LibertyReadGenlib() skipped sequential cell "DFFR_X1".
ABC: Scl_LibertyReadGenlib() skipped sequential cell "DFFR_X2".
ABC: Scl_LibertyReadGenlib() skipped sequential cell "DFFS_X1".
ABC: Scl_LibertyReadGenlib() skipped sequential cell "DFFS_X2".
ABC: Scl_LibertyReadGenlib() skipped sequential cell "DFF_X1".
ABC: Scl_LibertyReadGenlib() skipped sequential cell "DFF_X2".
ABC: Scl_LibertyReadGenlib() skipped sequential cell "DLH_X1".
ABC: Scl_LibertyReadGenlib() skipped sequential cell "DLH_X2".
ABC: Scl_LibertyReadGenlib() skipped sequential cell "DLL_X1".
ABC: Scl_LibertyReadGenlib() skipped sequential cell "DLL_X2".
ABC: Scl_LibertyReadGenlib() skipped cell "WELLTAP_X1" due to dont_use attribute.
ABC: Scl_LibertyReadGenlib() skipped cell "FILLCELL_X1" due to dont_use attribute.
ABC: Scl_LibertyReadGenlib() skipped cell "FILLCELL_X2" due to dont_use attribute.
ABC: Scl_LibertyReadGenlib() skipped cell "FILLCELL_X4" due to dont_use attribute.
ABC: Scl_LibertyReadGenlib() skipped cell "FILLCELL_X8" due to dont_use attribute.
ABC: Scl_LibertyReadGenlib() skipped cell "FILLCELL_X16" due to dont_use attribute.
ABC: Scl_LibertyReadGenlib() skipped cell "FILLCELL_X32" due to dont_use attribute.
ABC: Scl_LibertyReadGenlib() skipped cell "LOGIC0_X1" due to dont_use attribute.
ABC: Scl_LibertyReadGenlib() skipped cell "LOGIC1_X1" due to dont_use attribute.
ABC: Scl_LibertyReadGenlib() skipped sequential cell "SDFFRS_X1".
ABC: Scl_LibertyReadGenlib() skipped sequential cell "SDFFRS_X2".
ABC: Scl_LibertyReadGenlib() skipped sequential cell "SDFFR_X1".
ABC: Scl_LibertyReadGenlib() skipped sequential cell "SDFFR_X2".
ABC: Scl_LibertyReadGenlib() skipped sequential cell "SDFFS_X1".
ABC: Scl_LibertyReadGenlib() skipped sequential cell "SDFFS_X2".
ABC: Scl_LibertyReadGenlib() skipped sequential cell "SDFF_X1".
ABC: Scl_LibertyReadGenlib() skipped sequential cell "SDFF_X2".
ABC: Scl_LibertyReadGenlib() skipped three-state cell "TBUF_X1".
ABC: Scl_LibertyReadGenlib() skipped three-state cell "TBUF_X2".
ABC: Scl_LibertyReadGenlib() skipped three-state cell "TBUF_X4".
ABC: Scl_LibertyReadGenlib() skipped three-state cell "TBUF_X8".
ABC: Scl_LibertyReadGenlib() skipped three-state cell "TBUF_X16".
ABC: Scl_LibertyReadGenlib() skipped three-state cell "TINV_X1".
ABC: Scl_LibertyReadGenlib() skipped sequential cell "TLAT_X1".
ABC: Library "NangateOpenCellLibrary" from "/home/nilotpola/Downloads/TETRIS-artefact/COMPRESS-results/compress/synthesis/nangate45-pdk/stdcells.lib" has 90 cells (35 skipped: 21 seq; 6 tri-state; 8 no func; 10 dont_use).  Time =     0.07 sec
ABC: Memory =   11.38 MB. Time =     0.07 sec
ABC: Warning: Detected 2 multi-output gates (for example, "FA_X1").
ABC: + strash 
ABC: + &get -n 
ABC: + &fraig -x 
ABC: + &put 
ABC: + scorr 
ABC: Warning: The network is combinational (run "fraig" or "fraig_sweep").
ABC: + dc2 
ABC: + dretime 
ABC: + strash 
ABC: + &get -n 
ABC: + &dch -f 
ABC: + &nf 
ABC: + &put 
ABC: + write_blif <abc-temp-dir>/output.blif 

55.1.2. Re-integrating ABC results.
ABC RESULTS:           AND2_X1 cells:        1
ABC RESULTS:            INV_X1 cells:       89
ABC RESULTS:          NAND2_X1 cells:     1094
ABC RESULTS:           NOR2_X1 cells:      569
ABC RESULTS:          AOI22_X1 cells:      163
ABC RESULTS:          OAI21_X1 cells:      285
ABC RESULTS:           XOR2_X1 cells:     1767
ABC RESULTS:          XNOR2_X1 cells:     3902
ABC RESULTS:        internal signals:     7108
ABC RESULTS:           input signals:      450
ABC RESULTS:          output signals:      800
Removing temp directory.

55.2. Extracting gate netlist of module `\prng_top' to `<abc-temp-dir>/input.blif'..
Extracted 556 gates and 1594 wires to a netlist network with 1035 inputs and 520 outputs.

55.2.1. Executing ABC.
Running ABC command: "<yosys-exe-dir>/yosys-abc" -s -f <abc-temp-dir>/abc.script 2>&1
ABC: ABC command line: "source <abc-temp-dir>/abc.script".
ABC: 
ABC: + read_blif <abc-temp-dir>/input.blif 
ABC: + read_lib -w /home/nilotpola/Downloads/TETRIS-artefact/COMPRESS-results/compress/synthesis/nangate45-pdk/stdcells.lib 
ABC: Parsing finished successfully.  Parsing time =     0.05 sec
ABC: Scl_LibertyReadGenlib() skipped cell "ANTENNA_X1" due to dont_use attribute.
ABC: Scl_LibertyReadGenlib() skipped cell "CLKGATETST_X1" without logic function.
ABC: Scl_LibertyReadGenlib() skipped cell "CLKGATETST_X2" without logic function.
ABC: Scl_LibertyReadGenlib() skipped cell "CLKGATETST_X4" without logic function.
ABC: Scl_LibertyReadGenlib() skipped cell "CLKGATETST_X8" without logic function.
ABC: Scl_LibertyReadGenlib() skipped cell "CLKGATE_X1" without logic function.
ABC: Scl_LibertyReadGenlib() skipped cell "CLKGATE_X2" without logic function.
ABC: Scl_LibertyReadGenlib() skipped cell "CLKGATE_X4" without logic function.
ABC: Scl_LibertyReadGenlib() skipped cell "CLKGATE_X8" without logic function.
ABC: Scl_LibertyReadGenlib() skipped sequential cell "DFFRS_X1".
ABC: Scl_LibertyReadGenlib() skipped sequential cell "DFFRS_X2".
ABC: Scl_LibertyReadGenlib() skipped sequential cell "DFFR_X1".
ABC: Scl_LibertyReadGenlib() skipped sequential cell "DFFR_X2".
ABC: Scl_LibertyReadGenlib() skipped sequential cell "DFFS_X1".
ABC: Scl_LibertyReadGenlib() skipped sequential cell "DFFS_X2".
ABC: Scl_LibertyReadGenlib() skipped sequential cell "DFF_X1".
ABC: Scl_LibertyReadGenlib() skipped sequential cell "DFF_X2".
ABC: Scl_LibertyReadGenlib() skipped sequential cell "DLH_X1".
ABC: Scl_LibertyReadGenlib() skipped sequential cell "DLH_X2".
ABC: Scl_LibertyReadGenlib() skipped sequential cell "DLL_X1".
ABC: Scl_LibertyReadGenlib() skipped sequential cell "DLL_X2".
ABC: Scl_LibertyReadGenlib() skipped cell "WELLTAP_X1" due to dont_use attribute.
ABC: Scl_LibertyReadGenlib() skipped cell "FILLCELL_X1" due to dont_use attribute.
ABC: Scl_LibertyReadGenlib() skipped cell "FILLCELL_X2" due to dont_use attribute.
ABC: Scl_LibertyReadGenlib() skipped cell "FILLCELL_X4" due to dont_use attribute.
ABC: Scl_LibertyReadGenlib() skipped cell "FILLCELL_X8" due to dont_use attribute.
ABC: Scl_LibertyReadGenlib() skipped cell "FILLCELL_X16" due to dont_use attribute.
ABC: Scl_LibertyReadGenlib() skipped cell "FILLCELL_X32" due to dont_use attribute.
ABC: Scl_LibertyReadGenlib() skipped cell "LOGIC0_X1" due to dont_use attribute.
ABC: Scl_LibertyReadGenlib() skipped cell "LOGIC1_X1" due to dont_use attribute.
ABC: Scl_LibertyReadGenlib() skipped sequential cell "SDFFRS_X1".
ABC: Scl_LibertyReadGenlib() skipped sequential cell "SDFFRS_X2".
ABC: Scl_LibertyReadGenlib() skipped sequential cell "SDFFR_X1".
ABC: Scl_LibertyReadGenlib() skipped sequential cell "SDFFR_X2".
ABC: Scl_LibertyReadGenlib() skipped sequential cell "SDFFS_X1".
ABC: Scl_LibertyReadGenlib() skipped sequential cell "SDFFS_X2".
ABC: Scl_LibertyReadGenlib() skipped sequential cell "SDFF_X1".
ABC: Scl_LibertyReadGenlib() skipped sequential cell "SDFF_X2".
ABC: Scl_LibertyReadGenlib() skipped three-state cell "TBUF_X1".
ABC: Scl_LibertyReadGenlib() skipped three-state cell "TBUF_X2".
ABC: Scl_LibertyReadGenlib() skipped three-state cell "TBUF_X4".
ABC: Scl_LibertyReadGenlib() skipped three-state cell "TBUF_X8".
ABC: Scl_LibertyReadGenlib() skipped three-state cell "TBUF_X16".
ABC: Scl_LibertyReadGenlib() skipped three-state cell "TINV_X1".
ABC: Scl_LibertyReadGenlib() skipped sequential cell "TLAT_X1".
ABC: Library "NangateOpenCellLibrary" from "/home/nilotpola/Downloads/TETRIS-artefact/COMPRESS-results/compress/synthesis/nangate45-pdk/stdcells.lib" has 90 cells (35 skipped: 21 seq; 6 tri-state; 8 no func; 10 dont_use).  Time =     0.08 sec
ABC: Memory =   11.38 MB. Time =     0.08 sec
ABC: Warning: Detected 2 multi-output gates (for example, "FA_X1").
ABC: + strash 
ABC: + &get -n 
ABC: + &fraig -x 
ABC: + &put 
ABC: + scorr 
ABC: Warning: The network is combinational (run "fraig" or "fraig_sweep").
ABC: + dc2 
ABC: + dretime 
ABC: + strash 
ABC: + &get -n 
ABC: + &dch -f 
ABC: + &nf 
ABC: + &put 
ABC: + write_blif <abc-temp-dir>/output.blif 

55.2.2. Re-integrating ABC results.
ABC RESULTS:          XNOR2_X1 cells:        1
ABC RESULTS:            INV_X1 cells:        5
ABC RESULTS:           NOR3_X1 cells:        3
ABC RESULTS:          OAI21_X1 cells:        2
ABC RESULTS:            OR2_X1 cells:        2
ABC RESULTS:           NOR2_X1 cells:        2
ABC RESULTS:         OAI211_X1 cells:        1
ABC RESULTS:          AOI21_X1 cells:        3
ABC RESULTS:          NAND2_X1 cells:        2
ABC RESULTS:           MUX2_X1 cells:      512
ABC RESULTS:        internal signals:       39
ABC RESULTS:           input signals:     1035
ABC RESULTS:          output signals:      520
Removing temp directory.
Removed 0 unused cells and 7066 unused wires.

56. Executing Verilog backend.

56.1. Executing BMUXMAP pass.

56.2. Executing DEMUXMAP pass.
Dumping module `$paramod\trivium_prng\RND=s32'00000000000000000000001000000000'.
Dumping module `\prng_top'.
{
   "creator": "Yosys 0.33 (git sha1 2584903a0, gcc 8.4.0-1ubuntu1~18.04 -fPIC -Os)",
   "invocation": "stat -liberty synthesis/nangate45-pdk/stdcells.lib -json ",
   "modules": {
      "$paramod\\trivium_prng\\RND=s32'00000000000000000000001000000000": {
         "num_wires":         8677,
         "num_wire_bits":     303521,
         "num_pub_wires":     1031,
         "num_pub_wire_bits": 295875,
         "num_memories":      0,
         "num_memory_bits":   0,
         "num_processes":     0,
         "num_cells":         8158,
         "area":              12245.576000,
         "num_cells_by_type": {
            "AND2_X1": 1,
            "AOI22_X1": 163,
            "DFF_X1": 288,
            "INV_X1": 89,
            "NAND2_X1": 1094,
            "NOR2_X1": 569,
            "OAI21_X1": 285,
            "XNOR2_X1": 3902,
            "XOR2_X1": 1767
         }
      },
      "\\prng_top": {
         "num_wires":         1060,
         "num_wire_bits":     2784,
         "num_pub_wires":     15,
         "num_pub_wire_bits": 1708,
         "num_memories":      0,
         "num_memory_bits":   0,
         "num_processes":     0,
         "num_cells":         1050,
         "area":              3306.114000,
         "num_cells_by_type": {
            "$paramod\\trivium_prng\\RND=s32'00000000000000000000001000000000": 1,
            "AOI21_X1": 3,
            "DFF_X1": 516,
            "INV_X1": 5,
            "MUX2_X1": 512,
            "NAND2_X1": 2,
            "NOR2_X1": 2,
            "NOR3_X1": 3,
            "OAI211_X1": 1,
            "OAI21_X1": 2,
            "OR2_X1": 2,
            "XNOR2_X1": 1
         }
      }
   },
      "design": {
         "num_wires":         9737,
         "num_wire_bits":     306305,
         "num_pub_wires":     1046,
         "num_pub_wire_bits": 297583,
         "num_memories":      0,
         "num_memory_bits":   0,
         "num_processes":     0,
         "num_cells":         9207,
         "area":              15551.690000,
         "num_cells_by_type": {
            "AND2_X1": 1,
            "AOI21_X1": 3,
            "AOI22_X1": 163,
            "DFF_X1": 804,
            "INV_X1": 94,
            "MUX2_X1": 512,
            "NAND2_X1": 1096,
            "NOR2_X1": 571,
            "NOR3_X1": 3,
            "OAI211_X1": 1,
            "OAI21_X1": 287,
            "OR2_X1": 2,
            "XNOR2_X1": 3903,
            "XOR2_X1": 1767
         }
      }
}

57. Executing JSON backend.

Warnings: 8 unique messages, 72 total
End of script. Logfile hash: 6ab2123b27, CPU: user 20.23s system 0.31s, MEM: 220.57 MB peak
Yosys 0.33 (git sha1 2584903a0, gcc 8.4.0-1ubuntu1~18.04 -fPIC -Os)
Time spent: 43% 11x opt_clean (10 sec), 15% 1x abc (3 sec), ...
