ckarfa@ckarfa-HP-Z2-G8-Tower-Workstation-Desktop-PC:~/Desktop/nilotpola/VERICA/VERICA-main$ bin/release/verica -c config/aes_bp_d2_l4.json 
----------------------------------------------------------------------------------------------------
                             VERICA -- VERIFICATION OF COMBINED ATTACKS                             

                      Ruhr-Universität Bochum, Chair for Security Engineering                      
                        Jan Richter-Brockmann (jan.richter-brockmann@rub.de),                       
                              Pascal Sasdrich (pascal.sasdrich@rub.de)                              

                                         Copyright (c) 2022,                                        
                                       Jan Richter-Brockmann,                                       
                                           Pascal Sasdrich                                          

                                        All rights reserved.                                        
----------------------------------------------------------------------------------------------------


  TIME [s]    SERVICE          CONFIGURATION         INFO: CELL LIBRARY
----------------------------------------------------------------------------------------------------
     0.001    PARSER           CELLLIB               source: cell/nang45.txt
     0.002    PARSER           CELLLIB               Parsed cell library with 14 gate type(s). 
----------------------------------------------------------------------------------------------------
     0.002    PARSER           CELLLIB               SUCCESS


  TIME [s]    SERVICE          CONFIGURATION         INFO: DESIGN UNDER TEST
----------------------------------------------------------------------------------------------------
     1.467    PARSER           VERILOG               source: /home/ckarfa/Desktop/nilotpola/VERICA/VERICA-main/test/TETRIS/AES_Canrights/D3_L4/dc_output.v
     1.467    PARSER           VERILOG                  module(s) : 1
     1.467    PARSER           VERILOG                  gate(s)   : 2597
     1.468    PARSER           VERILOG                   - comb.  : 1571
     1.468    PARSER           VERILOG                   - seq.   : 1026
     1.468    PARSER           VERILOG                  wire(s)   : 2760
     1.468    PARSER           VERILOG                  pin(s)    : 8900
     1.468    PARSER           VERILOG               WARNING: detected 1026 unconnected pins!
----------------------------------------------------------------------------------------------------
     1.468    PARSER           VERILOG               SUCCESS


  TIME [s]    SERVICE          CONFIGURATION         INFO: ANNOTATIONS
----------------------------------------------------------------------------------------------------
     1.480    PREPROCESSOR     ANNOTATION            1 input wire was tagged as clock input.
     1.480    PREPROCESSOR     ANNOTATION            0 input wires were tagged as control inputs.
     1.480    PREPROCESSOR     ANNOTATION            138 input wires were tagged as refresh inputs.
     1.480    PREPROCESSOR     ANNOTATION            0 output wires were tagged as error flags.
     1.480    PREPROCESSOR     ANNOTATION            0 input wires were tagged with PIIDs.
     1.480    PREPROCESSOR     ANNOTATION            48 wires were tagged with a share domain.
     1.480    PREPROCESSOR     ANNOTATION            48 wires were tagged with a share index.
     1.480    PREPROCESSOR     ANNOTATION            0 wires were tagged with a fault domain.
     1.480    PREPROCESSOR     ANNOTATION            0 wires were tagged with a secret index.
----------------------------------------------------------------------------------------------------
     1.480    PREPROCESSOR     ANNOTATION            SUCCESS


  TIME [s]    SERVICE          CONFIGURATION         INFO: FILTERING
----------------------------------------------------------------------------------------------------
     1.482    PREPROCESSOR     FILTERING             Filtering for side-channel verification is disabled!
     1.482    PREPROCESSOR     FILTERING             Filtering for fault-injection verification is disabled!
----------------------------------------------------------------------------------------------------
     1.482    PREPROCESSOR     FILTERING             SUCCESS


  TIME [s]    SERVICE          CONFIGURATION         INFO
----------------------------------------------------------------------------------------------------
     1.718    PREPROCESSOR     MULTI-THREADING       cores: 8
     1.719    PREPROCESSOR     MULTI-THREADING       memory: 128 GB
----------------------------------------------------------------------------------------------------
     1.719    PREPROCESSOR     MULTI-THREADING       SUCCESS


  TIME [s]    SERVICE          CONFIGURATION         INFO: MODEL POSTPROCESSING
----------------------------------------------------------------------------------------------------
     1.723    PREPROCESSOR     MODEL POSTPROCESSING  Removed clock tree from netlist (1 wire was removed).
     1.723    PREPROCESSOR     MODEL POSTPROCESSING  No control signals were found.
     1.723    PREPROCESSOR     MODEL POSTPROCESSING  Removed 1026 unconnected pins.
     1.723    PREPROCESSOR     MODEL POSTPROCESSING  Removed 0 unconnected wires.
----------------------------------------------------------------------------------------------------
     1.723    PREPROCESSOR     MODEL POSTPROCESSING  SUCCESS


  TIME [s]    SERVICE          CONFIGURATION         INFO
----------------------------------------------------------------------------------------------------
     1.753    PREPROCESSOR     ELABORATE             stage(s): 
     1.753    PREPROCESSOR     ELABORATE                logic    : 2
     1.753    PREPROCESSOR     ELABORATE                register : 3
----------------------------------------------------------------------------------------------------
     1.753    PREPROCESSOR     ELABORATE             SUCCESS


  TIME [s]    SERVICE          CONFIGURATION         INFO: Configure FIA
----------------------------------------------------------------------------------------------------
     1.753    PREPROCESSOR     FIA                   FIA preprocessor is disabled!
----------------------------------------------------------------------------------------------------
     1.753    PREPROCESSOR     FIA                   SUCCESS


  TIME [s]    SERVICE          CONFIGURATION         INFO: Configure SCA
----------------------------------------------------------------------------------------------------
     1.753    PREPROCESSOR     SCA                   Disabled auto-dynamic reordering for BDDs.
     1.753    PREPROCESSOR     SCA                   Determined 8 shared inputs.
     1.753    PREPROCESSOR     SCA                      Minimum number of shares: 3
     1.753    PREPROCESSOR     SCA                   Determined 750 probe positions.
     1.753    PREPROCESSOR     SCA                   Determined 0 probe combinations.
----------------------------------------------------------------------------------------------------
     1.753    PREPROCESSOR     SCA                   SUCCESS
 

  TIME [s]    SERVICE          CONFIGURATION         INFO: ANALYSIS REPORT
----------------------------------------------------------------------------------------------------
     2.169    ANALYZER         PROBING               model parameters:
     2.169    ANALYZER         PROBING                  glitches    : yes
     2.169    ANALYZER         PROBING                  transitions : no
     2.169    ANALYZER         PROBING                  couplings   : no
     2.169    ANALYZER         PROBING               verification:
     2.169    ANALYZER         PROBING                  assuming : d ≤ 2
     2.169    ANALYZER         PROBING                  verified : d ≤ 2
     2.169    ANALYZER         PROBING               failing probe combinations:
     2.169    ANALYZER         PROBING                  total : 0
     2.169    ANALYZER         PROBING                  first : - 
----------------------------------------------------------------------------------------------------
     2.169    ANALYZER         PROBING               SUCCESS
 

  TIME [s]    SERVICE          CONFIGURATION         INFO: ANALYSIS REPORT
----------------------------------------------------------------------------------------------------
     8.549    ANALYZER         PNI                   model parameters:
     8.549    ANALYZER         PNI                      glitches    : yes
     8.549    ANALYZER         PNI                      transitions : no
     8.549    ANALYZER         PNI                      couplings   : no
     8.549    ANALYZER         PNI                   verification:
     8.549    ANALYZER         PNI                      assuming : d ≤ 2
     8.549    ANALYZER         PNI                      verified : d ≤ 2
     8.549    ANALYZER         PNI                   failing probe combinations:
     8.549    ANALYZER         PNI                      total : 0
     8.549    ANALYZER         PNI                      first : - 
----------------------------------------------------------------------------------------------------
     8.549    ANALYZER         PNI                   SUCCESS
 

  TIME [s]    SERVICE          CONFIGURATION         INFO: ANALYSIS REPORT
----------------------------------------------------------------------------------------------------
    14.846    ANALYZER         PSNI                  model parameters:
    14.846    ANALYZER         PSNI                     glitches    : yes
    14.846    ANALYZER         PSNI                     transitions : no
    14.846    ANALYZER         PSNI                     couplings   : no
    14.846    ANALYZER         PSNI                  verification:
    14.846    ANALYZER         PSNI                     assuming : d ≤ 2
    14.846    ANALYZER         PSNI                     verified : d ≤ 2
    14.846    ANALYZER         PSNI                  failing probe combinations:
    14.846    ANALYZER         PSNI                     total : 0
    14.846    ANALYZER         PSNI                     first : - 
----------------------------------------------------------------------------------------------------
    14.846    ANALYZER         PSNI                  SUCCESS
 

  TIME [s]    SERVICE          CONFIGURATION         INFO: ANALYSIS REPORT
----------------------------------------------------------------------------------------------------
    22.858    ANALYZER         PINI                  model parameters:
    22.858    ANALYZER         PINI                     glitches    : yes
    22.858    ANALYZER         PINI                     transitions : no
    22.858    ANALYZER         PINI                     couplings   : no
    22.858    ANALYZER         PINI                  verification:
    22.858    ANALYZER         PINI                     assuming : d ≤ 2
    22.858    ANALYZER         PINI                     verified : d ≤ 2
    22.858    ANALYZER         PINI                  failing probe combinations:
    22.858    ANALYZER         PINI                     total : 0
    22.858    ANALYZER         PINI                     first : - 
----------------------------------------------------------------------------------------------------
    22.858    ANALYZER         PINI                  SUCCESS


  TIME [s]    SERVICE          CONFIGURATION         INFO
----------------------------------------------------------------------------------------------------
    22.858    VERICA           SCA                   DONE!