ckarfa@ckarfa-HP-Z2-G8-Tower-Workstation-Desktop-PC:~/Desktop/nilotpola/VERICA/VERICA-main$ bin/release/verica -c config/aes_bp_d2_l4.json 
----------------------------------------------------------------------------------------------------
                             VERICA -- VERIFICATION OF COMBINED ATTACKS                             

                      Ruhr-Universität Bochum, Chair for Security Engineering                      
                        Jan Richter-Brockmann (jan.richter-brockmann@rub.de),                       
                              Pascal Sasdrich (pascal.sasdrich@rub.de)                              

                                         Copyright (c) 2022,                                        
                                       Jan Richter-Brockmann,                                       
                                           Pascal Sasdrich                                          

                                        All rights reserved.                                        
----------------------------------------------------------------------------------------------------


  TIME [s]    SERVICE          CONFIGURATION         INFO: CELL LIBRARY
----------------------------------------------------------------------------------------------------
     0.001    PARSER           CELLLIB               source: cell/nang45.txt
     0.002    PARSER           CELLLIB               Parsed cell library with 14 gate type(s). 
----------------------------------------------------------------------------------------------------
     0.002    PARSER           CELLLIB               SUCCESS


  TIME [s]    SERVICE          CONFIGURATION         INFO: DESIGN UNDER TEST
----------------------------------------------------------------------------------------------------
     0.277    PARSER           VERILOG               source: /home/ckarfa/Desktop/nilotpola/VERICA/VERICA-main/test/TETRIS/AES_Canrights/D2_L4/dc_output.v
     0.277    PARSER           VERILOG                  module(s) : 1
     0.277    PARSER           VERILOG                  gate(s)   : 1118
     0.277    PARSER           VERILOG                   - comb.  : 686
     0.277    PARSER           VERILOG                   - seq.   : 432
     0.277    PARSER           VERILOG                  wire(s)   : 1181
     0.277    PARSER           VERILOG                  pin(s)    : 3817
     0.277    PARSER           VERILOG               WARNING: detected 432 unconnected pins!
----------------------------------------------------------------------------------------------------
     0.277    PARSER           VERILOG               SUCCESS


  TIME [s]    SERVICE          CONFIGURATION         INFO: ANNOTATIONS
----------------------------------------------------------------------------------------------------
     0.280    PREPROCESSOR     ANNOTATION            1 input wire was tagged as clock input.
     0.280    PREPROCESSOR     ANNOTATION            0 input wires were tagged as control inputs.
     0.280    PREPROCESSOR     ANNOTATION            46 input wires were tagged as refresh inputs.
     0.280    PREPROCESSOR     ANNOTATION            WARNING: 11 wires could not be tagged as refresh input in the MUT.
     0.280    PREPROCESSOR     ANNOTATION            0 output wires were tagged as error flags.
     0.280    PREPROCESSOR     ANNOTATION            0 input wires were tagged with PIIDs.
     0.280    PREPROCESSOR     ANNOTATION            32 wires were tagged with a share domain.
     0.280    PREPROCESSOR     ANNOTATION            32 wires were tagged with a share index.
     0.280    PREPROCESSOR     ANNOTATION            0 wires were tagged with a fault domain.
     0.280    PREPROCESSOR     ANNOTATION            0 wires were tagged with a secret index.
----------------------------------------------------------------------------------------------------
     0.280    PREPROCESSOR     ANNOTATION            SUCCESS


  TIME [s]    SERVICE          CONFIGURATION         INFO: FILTERING
----------------------------------------------------------------------------------------------------
     0.280    PREPROCESSOR     FILTERING             Filtering for side-channel verification is disabled!
     0.280    PREPROCESSOR     FILTERING             Filtering for fault-injection verification is disabled!
----------------------------------------------------------------------------------------------------
     0.280    PREPROCESSOR     FILTERING             SUCCESS


  TIME [s]    SERVICE          CONFIGURATION         INFO
----------------------------------------------------------------------------------------------------
     0.511    PREPROCESSOR     MULTI-THREADING       cores: 8
     0.511    PREPROCESSOR     MULTI-THREADING       memory: 128 GB
----------------------------------------------------------------------------------------------------
     0.511    PREPROCESSOR     MULTI-THREADING       SUCCESS


  TIME [s]    SERVICE          CONFIGURATION         INFO: MODEL POSTPROCESSING
----------------------------------------------------------------------------------------------------
     0.512    PREPROCESSOR     MODEL POSTPROCESSING  Removed clock tree from netlist (1 wire was removed).
     0.512    PREPROCESSOR     MODEL POSTPROCESSING  No control signals were found.
     0.512    PREPROCESSOR     MODEL POSTPROCESSING  Removed 432 unconnected pins.
     0.512    PREPROCESSOR     MODEL POSTPROCESSING  Removed 0 unconnected wires.
----------------------------------------------------------------------------------------------------
     0.512    PREPROCESSOR     MODEL POSTPROCESSING  SUCCESS


  TIME [s]    SERVICE          CONFIGURATION         INFO
----------------------------------------------------------------------------------------------------
     0.520    PREPROCESSOR     ELABORATE             stage(s): 
     0.520    PREPROCESSOR     ELABORATE                logic    : 2
     0.520    PREPROCESSOR     ELABORATE                register : 3
----------------------------------------------------------------------------------------------------
     0.520    PREPROCESSOR     ELABORATE             SUCCESS


  TIME [s]    SERVICE          CONFIGURATION         INFO: Configure FIA
----------------------------------------------------------------------------------------------------
     0.520    PREPROCESSOR     FIA                   FIA preprocessor is disabled!
----------------------------------------------------------------------------------------------------
     0.520    PREPROCESSOR     FIA                   SUCCESS


  TIME [s]    SERVICE          CONFIGURATION         INFO: Configure SCA
----------------------------------------------------------------------------------------------------
     0.520    PREPROCESSOR     SCA                   Disabled auto-dynamic reordering for BDDs.
     0.520    PREPROCESSOR     SCA                   Determined 8 shared inputs.
     0.520    PREPROCESSOR     SCA                      Minimum number of shares: 2
     0.520    PREPROCESSOR     SCA                   Determined 310 probe positions.
     0.520    PREPROCESSOR     SCA                   Determined 0 probe combinations.
----------------------------------------------------------------------------------------------------
     0.520    PREPROCESSOR     SCA                   SUCCESS
 

  TIME [s]    SERVICE          CONFIGURATION         INFO: ANALYSIS REPORT
----------------------------------------------------------------------------------------------------
     0.521    ANALYZER         PROBING               model parameters:
     0.521    ANALYZER         PROBING                  glitches    : yes
     0.521    ANALYZER         PROBING                  transitions : no
     0.521    ANALYZER         PROBING                  couplings   : no
     0.521    ANALYZER         PROBING               verification:
     0.521    ANALYZER         PROBING                  assuming : d ≤ 1
     0.521    ANALYZER         PROBING                  verified : d ≤ 1
     0.521    ANALYZER         PROBING               failing probe combinations:
     0.521    ANALYZER         PROBING                  total : 0
     0.521    ANALYZER         PROBING                  first : - 
----------------------------------------------------------------------------------------------------
     0.521    ANALYZER         PROBING               SUCCESS
 

  TIME [s]    SERVICE          CONFIGURATION         INFO: ANALYSIS REPORT
----------------------------------------------------------------------------------------------------
     0.522    ANALYZER         PNI                   model parameters:
     0.522    ANALYZER         PNI                      glitches    : yes
     0.522    ANALYZER         PNI                      transitions : no
     0.522    ANALYZER         PNI                      couplings   : no
     0.522    ANALYZER         PNI                   verification:
     0.522    ANALYZER         PNI                      assuming : d ≤ 1
     0.522    ANALYZER         PNI                      verified : d ≤ 1
     0.522    ANALYZER         PNI                   failing probe combinations:
     0.522    ANALYZER         PNI                      total : 0
     0.522    ANALYZER         PNI                      first : - 
----------------------------------------------------------------------------------------------------
     0.522    ANALYZER         PNI                   SUCCESS
 

  TIME [s]    SERVICE          CONFIGURATION         INFO: ANALYSIS REPORT
----------------------------------------------------------------------------------------------------
     0.523    ANALYZER         PSNI                  model parameters:
     0.523    ANALYZER         PSNI                     glitches    : yes
     0.523    ANALYZER         PSNI                     transitions : no
     0.523    ANALYZER         PSNI                     couplings   : no
     0.523    ANALYZER         PSNI                  verification:
     0.523    ANALYZER         PSNI                     assuming : d ≤ 1
     0.523    ANALYZER         PSNI                     verified : d ≤ 1
     0.523    ANALYZER         PSNI                  failing probe combinations:
     0.523    ANALYZER         PSNI                     total : 0
     0.523    ANALYZER         PSNI                     first : - 
----------------------------------------------------------------------------------------------------
     0.523    ANALYZER         PSNI                  SUCCESS
 

  TIME [s]    SERVICE          CONFIGURATION         INFO: ANALYSIS REPORT
----------------------------------------------------------------------------------------------------
     0.524    ANALYZER         PINI                  model parameters:
     0.524    ANALYZER         PINI                     glitches    : yes
     0.524    ANALYZER         PINI                     transitions : no
     0.524    ANALYZER         PINI                     couplings   : no
     0.524    ANALYZER         PINI                  verification:
     0.524    ANALYZER         PINI                     assuming : d ≤ 1
     0.524    ANALYZER         PINI                     verified : d ≤ 1
     0.524    ANALYZER         PINI                  failing probe combinations:
     0.524    ANALYZER         PINI                     total : 0
     0.524    ANALYZER         PINI                     first : - 
----------------------------------------------------------------------------------------------------
     0.524    ANALYZER         PINI                  SUCCESS


  TIME [s]    SERVICE          CONFIGURATION         INFO
----------------------------------------------------------------------------------------------------
     0.524    VERICA           SCA                   DONE!